Fetching 8 files:   0%|          | 0/8 [00:00<?, ?it/s]Fetching 8 files: 100%|██████████| 8/8 [00:00<00:00, 1251.24it/s]
[01:19:47]   checkpoint: google/gemma-4-26B-A4B-it @ 4d7ae4984b7db7de8f8457170b3f1a419ee76d52 (requested 4d7ae4984b7db7de8f8457170b3f1a419ee76d52)
[01:19:47]   fusing + quantizing experts (up to 30x128) to nf4 (streaming)...
[01:19:47]   quantized experts on 30/30 MoE layers (128 experts each)
[01:19:47]   loading non-expert weights (attention/embeddings/router/norms/dense-mlp)...
[01:19:49]   experts deferred to the arena: 30 module(s), 150 unmaterialized buffer(s) — call nvme_experts.enable_nvme_residency() before running this model
[01:19:53]   hybrid: 2 NUMA nodes — run under `numactl --interleave=all` until node-local allocation lands (see the Phase-2 metal receipt)
[01:20:08]   hybrid tier active on 30 module(s): vram/dram/nvme masses 1.00/0.00/0.00
[serve_paged] fusions (q/k/v 0; folds set: none): {'fuse_qkv_n': 0, 'fuse_t1_glue_n': 0, 'fuse_t1_glue_r2_n': [0, 0], 'fuse_router_epilogue_n': 0}
[serve_paged] KV geometry varies per layer: [(2, 512), (8, 256)]
[serve_paged] PREFILL_GRAPH auto: refused, prefill stays eager (device grouping is off: host grouping syncs inside the forward (serve_paged turns it on with decode graphs at max_seqs > 1 on the all-vram placement))
[serve_paged] ready: {"moe_layers": 30, "experts": 128, "top_k": 8, "model_type": "gemma4_text", "int4_expert_layers": 0, "int4_store_kinds": [], "int4_attn_projections": 0, "kv": {"n_kv_heads": [8, 8, 8, 8, 8, 2, 8, 8, 8, 8, 8, 2, 8, 8, 8, 8, 8, 2, 8, 8, 8, 8, 8, 2, 8, 8, 8, 8, 8, 2], "head_dim": [256, 256, 256, 256, 256, 512, 256, 256, 256, 256, 256, 512, 256, 256, 256, 256, 256, 512, 256, 256, 256, 256, 256, 512, 256, 256, 256, 256, 256, 512], "k_groups": "auto", "scratch_slots": 0, "blocks_per_seq": 256, "pool_mib": 8220.5}, "graph_status": null, "grouping": {"device_grouping": false, "force_singleton_groups": false}, "moe_residual": {"rows": [1, 2, 4, 8, 16]}, "prefill_graph": "auto", "levers_env": {"E4B_FUSE_T1_GLUE": "0", "E4B_FUSE_T1_GLUE_R2": "0", "E4B_FUSE_ROUTER_EPI": "0"}, "exp_int4_layers_enabled": 0, "attn_int4_rtn_projections": 0, "attn_int4_calib_projections": 0, "fuse_qkv_n": 0, "fuse_t1_glue_n": 0, "fuse_t1_glue_r2_n": [0, 0], "fuse_router_epilogue_n": 0, "fusion_modes": {"E4B_PAGED_FUSE_QKV": "0", "E4B_FUSE_T1_GLUE": "0", "E4B_FUSE_T1_GLUE_R2": "0", "E4B_FUSE_ROUTER_EPI": "0"}, "fusion_sources": {"E4B_PAGED_FUSE_QKV": "explicit", "E4B_FUSE_T1_GLUE": "explicit", "E4B_FUSE_T1_GLUE_R2": "explicit", "E4B_FUSE_ROUTER_EPI": "explicit"}, "fusion_report": {"E4B_FUSE_T1_GLUE": {"mode": "0"}, "E4B_FUSE_T1_GLUE_R2": {"mode": "0"}, "E4B_FUSE_ROUTER_EPI": {"mode": "0"}}, "pinned_cache_released": true, "host_heap_trimmed": true}
Generating test split:   0%|          | 0/4358 [00:00<?, ? examples/s]Generating test split: 100%|██████████| 4358/4358 [00:00<00:00, 424623.71 examples/s]
Generating train split:   0%|          | 0/36718 [00:00<?, ? examples/s]Generating train split: 100%|██████████| 36718/36718 [00:00<00:00, 993622.08 examples/s]
Generating validation split:   0%|          | 0/3760 [00:00<?, ? examples/s]Generating validation split: 100%|██████████| 3760/3760 [00:00<00:00, 545091.35 examples/s]
Generating v split: 0 examples [00:00, ? examples/s]Generating v split: 9287 examples [00:00, 48550.86 examples/s]Generating v split: 18275 examples [00:00, 48555.52 examples/s]Generating v split: 27432 examples [00:00, 48169.52 examples/s]Generating v split: 36604 examples [00:00, 48481.90 examples/s]Generating v split: 45576 examples [00:00, 48938.74 examples/s]Generating v split: 45576 examples [00:00, 48690.58 examples/s]
[serve_paged] KV geometry varies per layer: [(2, 512), (8, 256)]
[serve_paged] KV geometry varies per layer: [(2, 512), (8, 256)]
[serve_paged] KV geometry varies per layer: [(2, 512), (8, 256)]
[serve_paged] KV geometry varies per layer: [(2, 512), (8, 256)]
[serve_paged] KV geometry varies per layer: [(2, 512), (8, 256)]
P115_QGROUP off wikitext group 1 of 1 done at 43 s, 24.46 GiB allocated
[serve_paged] KV geometry varies per layer: [(2, 512), (8, 256)]
P115_QGROUP on wikitext group 1 of 1 done at 10 s, 24.46 GiB allocated
[serve_paged] KV geometry varies per layer: [(2, 512), (8, 256)]
P115_QGROUP on wikitext group 1 of 1 done at 6 s, 24.46 GiB allocated
[serve_paged] KV geometry varies per layer: [(2, 512), (8, 256)]
P115_QGROUP on wikitext group 1 of 1 done at 6 s, 24.46 GiB allocated
[serve_paged] KV geometry varies per layer: [(2, 512), (8, 256)]
P115_QGROUP on wikitext group 1 of 1 done at 6 s, 24.46 GiB allocated
FAM_CELL OFF wikitext|12|A done
[serve_paged] KV geometry varies per layer: [(2, 512), (8, 256)]
[serve_paged] KV geometry varies per layer: [(2, 512), (8, 256)]
[serve_paged] KV geometry varies per layer: [(2, 512), (8, 256)]
[serve_paged] KV geometry varies per layer: [(2, 512), (8, 256)]
[serve_paged] KV geometry varies per layer: [(2, 512), (8, 256)]
P115_QGROUP off wikitext group 1 of 1 done at 32 s, 24.46 GiB allocated
[serve_paged] KV geometry varies per layer: [(2, 512), (8, 256)]
P115_QGROUP on wikitext group 1 of 1 done at 6 s, 24.46 GiB allocated
[serve_paged] KV geometry varies per layer: [(2, 512), (8, 256)]
P115_QGROUP on wikitext group 1 of 1 done at 6 s, 24.46 GiB allocated
FAM_CELL OFF wikitext|12|B done
[serve_paged] KV geometry varies per layer: [(2, 512), (8, 256)]
[serve_paged] KV geometry varies per layer: [(2, 512), (8, 256)]
[serve_paged] KV geometry varies per layer: [(2, 512), (8, 256)]
[serve_paged] KV geometry varies per layer: [(2, 512), (8, 256)]
[serve_paged] KV geometry varies per layer: [(2, 512), (8, 256)]
P115_QGROUP off wikitext group 1 of 1 done at 32 s, 24.46 GiB allocated
[serve_paged] KV geometry varies per layer: [(2, 512), (8, 256)]
P115_QGROUP on wikitext group 1 of 1 done at 6 s, 24.46 GiB allocated
[serve_paged] KV geometry varies per layer: [(2, 512), (8, 256)]
P115_QGROUP on wikitext group 1 of 1 done at 6 s, 24.46 GiB allocated
FAM_CELL OFF wikitext|12|C done
[serve_paged] KV geometry varies per layer: [(2, 512), (8, 256)]
[serve_paged] KV geometry varies per layer: [(2, 512), (8, 256)]
[serve_paged] KV geometry varies per layer: [(2, 512), (8, 256)]
[serve_paged] KV geometry varies per layer: [(2, 512), (8, 256)]
P115_QGROUP off wikitext group 1 of 12 done at 17 s, 24.46 GiB allocated
[serve_paged] KV geometry varies per layer: [(2, 512), (8, 256)]
[serve_paged] KV geometry varies per layer: [(2, 512), (8, 256)]
[serve_paged] KV geometry varies per layer: [(2, 512), (8, 256)]
P115_QGROUP off wikitext group 2 of 12 done at 26 s, 24.46 GiB allocated
[serve_paged] KV geometry varies per layer: [(2, 512), (8, 256)]
[serve_paged] KV geometry varies per layer: [(2, 512), (8, 256)]
[serve_paged] KV geometry varies per layer: [(2, 512), (8, 256)]
P115_QGROUP off wikitext group 3 of 12 done at 34 s, 24.46 GiB allocated
[serve_paged] KV geometry varies per layer: [(2, 512), (8, 256)]
[serve_paged] KV geometry varies per layer: [(2, 512), (8, 256)]
[serve_paged] KV geometry varies per layer: [(2, 512), (8, 256)]
P115_QGROUP off wikitext group 4 of 12 done at 43 s, 24.46 GiB allocated
[serve_paged] KV geometry varies per layer: [(2, 512), (8, 256)]
[serve_paged] KV geometry varies per layer: [(2, 512), (8, 256)]
[serve_paged] KV geometry varies per layer: [(2, 512), (8, 256)]
P115_QGROUP off wikitext group 5 of 12 done at 51 s, 24.46 GiB allocated
[serve_paged] KV geometry varies per layer: [(2, 512), (8, 256)]
[serve_paged] KV geometry varies per layer: [(2, 512), (8, 256)]
[serve_paged] KV geometry varies per layer: [(2, 512), (8, 256)]
P115_QGROUP off wikitext group 6 of 12 done at 60 s, 24.46 GiB allocated
[serve_paged] KV geometry varies per layer: [(2, 512), (8, 256)]
[serve_paged] KV geometry varies per layer: [(2, 512), (8, 256)]
[serve_paged] KV geometry varies per layer: [(2, 512), (8, 256)]
P115_QGROUP off wikitext group 7 of 12 done at 68 s, 24.46 GiB allocated
[serve_paged] KV geometry varies per layer: [(2, 512), (8, 256)]
[serve_paged] KV geometry varies per layer: [(2, 512), (8, 256)]
[serve_paged] KV geometry varies per layer: [(2, 512), (8, 256)]
P115_QGROUP off wikitext group 8 of 12 done at 77 s, 24.46 GiB allocated
[serve_paged] KV geometry varies per layer: [(2, 512), (8, 256)]
[serve_paged] KV geometry varies per layer: [(2, 512), (8, 256)]
[serve_paged] KV geometry varies per layer: [(2, 512), (8, 256)]
P115_QGROUP off wikitext group 9 of 12 done at 85 s, 24.46 GiB allocated
[serve_paged] KV geometry varies per layer: [(2, 512), (8, 256)]
[serve_paged] KV geometry varies per layer: [(2, 512), (8, 256)]
[serve_paged] KV geometry varies per layer: [(2, 512), (8, 256)]
P115_QGROUP off wikitext group 10 of 12 done at 93 s, 24.46 GiB allocated
[serve_paged] KV geometry varies per layer: [(2, 512), (8, 256)]
[serve_paged] KV geometry varies per layer: [(2, 512), (8, 256)]
[serve_paged] KV geometry varies per layer: [(2, 512), (8, 256)]
P115_QGROUP off wikitext group 11 of 12 done at 102 s, 24.46 GiB allocated
[serve_paged] KV geometry varies per layer: [(2, 512), (8, 256)]
[serve_paged] KV geometry varies per layer: [(2, 512), (8, 256)]
[serve_paged] KV geometry varies per layer: [(2, 512), (8, 256)]
P115_QGROUP off wikitext group 12 of 12 done at 110 s, 24.46 GiB allocated
[serve_paged] KV geometry varies per layer: [(2, 512), (8, 256)]
P115_QGROUP on wikitext group 1 of 12 done at 7 s, 24.46 GiB allocated
[serve_paged] KV geometry varies per layer: [(2, 512), (8, 256)]
P115_QGROUP on wikitext group 2 of 12 done at 10 s, 24.46 GiB allocated
[serve_paged] KV geometry varies per layer: [(2, 512), (8, 256)]
P115_QGROUP on wikitext group 3 of 12 done at 14 s, 24.46 GiB allocated
[serve_paged] KV geometry varies per layer: [(2, 512), (8, 256)]
P115_QGROUP on wikitext group 4 of 12 done at 17 s, 24.46 GiB allocated
[serve_paged] KV geometry varies per layer: [(2, 512), (8, 256)]
P115_QGROUP on wikitext group 5 of 12 done at 20 s, 24.46 GiB allocated
[serve_paged] KV geometry varies per layer: [(2, 512), (8, 256)]
P115_QGROUP on wikitext group 6 of 12 done at 23 s, 24.46 GiB allocated
[serve_paged] KV geometry varies per layer: [(2, 512), (8, 256)]
P115_QGROUP on wikitext group 7 of 12 done at 25 s, 24.46 GiB allocated
[serve_paged] KV geometry varies per layer: [(2, 512), (8, 256)]
P115_QGROUP on wikitext group 8 of 12 done at 28 s, 24.46 GiB allocated
[serve_paged] KV geometry varies per layer: [(2, 512), (8, 256)]
P115_QGROUP on wikitext group 9 of 12 done at 32 s, 24.46 GiB allocated
[serve_paged] KV geometry varies per layer: [(2, 512), (8, 256)]
P115_QGROUP on wikitext group 10 of 12 done at 35 s, 24.46 GiB allocated
[serve_paged] KV geometry varies per layer: [(2, 512), (8, 256)]
P115_QGROUP on wikitext group 11 of 12 done at 38 s, 24.46 GiB allocated
[serve_paged] KV geometry varies per layer: [(2, 512), (8, 256)]
P115_QGROUP on wikitext group 12 of 12 done at 41 s, 24.46 GiB allocated
[serve_paged] KV geometry varies per layer: [(2, 512), (8, 256)]
P115_QGROUP on wikitext group 1 of 12 done at 3 s, 24.46 GiB allocated
[serve_paged] KV geometry varies per layer: [(2, 512), (8, 256)]
P115_QGROUP on wikitext group 2 of 12 done at 6 s, 24.46 GiB allocated
[serve_paged] KV geometry varies per layer: [(2, 512), (8, 256)]
P115_QGROUP on wikitext group 3 of 12 done at 9 s, 24.46 GiB allocated
[serve_paged] KV geometry varies per layer: [(2, 512), (8, 256)]
P115_QGROUP on wikitext group 4 of 12 done at 12 s, 24.46 GiB allocated
[serve_paged] KV geometry varies per layer: [(2, 512), (8, 256)]
P115_QGROUP on wikitext group 5 of 12 done at 15 s, 24.46 GiB allocated
[serve_paged] KV geometry varies per layer: [(2, 512), (8, 256)]
P115_QGROUP on wikitext group 6 of 12 done at 18 s, 24.46 GiB allocated
[serve_paged] KV geometry varies per layer: [(2, 512), (8, 256)]
P115_QGROUP on wikitext group 7 of 12 done at 21 s, 24.46 GiB allocated
[serve_paged] KV geometry varies per layer: [(2, 512), (8, 256)]
P115_QGROUP on wikitext group 8 of 12 done at 24 s, 24.46 GiB allocated
[serve_paged] KV geometry varies per layer: [(2, 512), (8, 256)]
P115_QGROUP on wikitext group 9 of 12 done at 27 s, 24.46 GiB allocated
[serve_paged] KV geometry varies per layer: [(2, 512), (8, 256)]
P115_QGROUP on wikitext group 10 of 12 done at 30 s, 24.46 GiB allocated
[serve_paged] KV geometry varies per layer: [(2, 512), (8, 256)]
P115_QGROUP on wikitext group 11 of 12 done at 33 s, 24.46 GiB allocated
[serve_paged] KV geometry varies per layer: [(2, 512), (8, 256)]
P115_QGROUP on wikitext group 12 of 12 done at 36 s, 24.46 GiB allocated
[serve_paged] KV geometry varies per layer: [(2, 512), (8, 256)]
P115_QGROUP on wikitext group 1 of 12 done at 3 s, 24.46 GiB allocated
[serve_paged] KV geometry varies per layer: [(2, 512), (8, 256)]
P115_QGROUP on wikitext group 2 of 12 done at 6 s, 24.46 GiB allocated
[serve_paged] KV geometry varies per layer: [(2, 512), (8, 256)]
P115_QGROUP on wikitext group 3 of 12 done at 9 s, 24.46 GiB allocated
[serve_paged] KV geometry varies per layer: [(2, 512), (8, 256)]
P115_QGROUP on wikitext group 4 of 12 done at 12 s, 24.46 GiB allocated
[serve_paged] KV geometry varies per layer: [(2, 512), (8, 256)]
P115_QGROUP on wikitext group 5 of 12 done at 15 s, 24.46 GiB allocated
[serve_paged] KV geometry varies per layer: [(2, 512), (8, 256)]
P115_QGROUP on wikitext group 6 of 12 done at 18 s, 24.46 GiB allocated
[serve_paged] KV geometry varies per layer: [(2, 512), (8, 256)]
P115_QGROUP on wikitext group 7 of 12 done at 21 s, 24.46 GiB allocated
[serve_paged] KV geometry varies per layer: [(2, 512), (8, 256)]
P115_QGROUP on wikitext group 8 of 12 done at 24 s, 24.46 GiB allocated
[serve_paged] KV geometry varies per layer: [(2, 512), (8, 256)]
P115_QGROUP on wikitext group 9 of 12 done at 27 s, 24.46 GiB allocated
[serve_paged] KV geometry varies per layer: [(2, 512), (8, 256)]
P115_QGROUP on wikitext group 10 of 12 done at 30 s, 24.46 GiB allocated
[serve_paged] KV geometry varies per layer: [(2, 512), (8, 256)]
P115_QGROUP on wikitext group 11 of 12 done at 33 s, 24.46 GiB allocated
[serve_paged] KV geometry varies per layer: [(2, 512), (8, 256)]
P115_QGROUP on wikitext group 12 of 12 done at 36 s, 24.46 GiB allocated
[serve_paged] KV geometry varies per layer: [(2, 512), (8, 256)]
P115_QGROUP on wikitext group 1 of 12 done at 3 s, 24.46 GiB allocated
[serve_paged] KV geometry varies per layer: [(2, 512), (8, 256)]
P115_QGROUP on wikitext group 2 of 12 done at 6 s, 24.46 GiB allocated
[serve_paged] KV geometry varies per layer: [(2, 512), (8, 256)]
P115_QGROUP on wikitext group 3 of 12 done at 9 s, 24.46 GiB allocated
[serve_paged] KV geometry varies per layer: [(2, 512), (8, 256)]
P115_QGROUP on wikitext group 4 of 12 done at 12 s, 24.46 GiB allocated
[serve_paged] KV geometry varies per layer: [(2, 512), (8, 256)]
P115_QGROUP on wikitext group 5 of 12 done at 15 s, 24.46 GiB allocated
[serve_paged] KV geometry varies per layer: [(2, 512), (8, 256)]
P115_QGROUP on wikitext group 6 of 12 done at 18 s, 24.46 GiB allocated
[serve_paged] KV geometry varies per layer: [(2, 512), (8, 256)]
P115_QGROUP on wikitext group 7 of 12 done at 21 s, 24.46 GiB allocated
[serve_paged] KV geometry varies per layer: [(2, 512), (8, 256)]
P115_QGROUP on wikitext group 8 of 12 done at 24 s, 24.46 GiB allocated
[serve_paged] KV geometry varies per layer: [(2, 512), (8, 256)]
P115_QGROUP on wikitext group 9 of 12 done at 27 s, 24.46 GiB allocated
[serve_paged] KV geometry varies per layer: [(2, 512), (8, 256)]
P115_QGROUP on wikitext group 10 of 12 done at 30 s, 24.46 GiB allocated
[serve_paged] KV geometry varies per layer: [(2, 512), (8, 256)]
P115_QGROUP on wikitext group 11 of 12 done at 33 s, 24.46 GiB allocated
[serve_paged] KV geometry varies per layer: [(2, 512), (8, 256)]
P115_QGROUP on wikitext group 12 of 12 done at 36 s, 24.46 GiB allocated
FAM_CELL OFF wikitext|1|A done
[serve_paged] KV geometry varies per layer: [(2, 512), (8, 256)]
[serve_paged] KV geometry varies per layer: [(2, 512), (8, 256)]
[serve_paged] KV geometry varies per layer: [(2, 512), (8, 256)]
[serve_paged] KV geometry varies per layer: [(2, 512), (8, 256)]
P115_QGROUP off wikitext group 1 of 12 done at 11 s, 24.46 GiB allocated
[serve_paged] KV geometry varies per layer: [(2, 512), (8, 256)]
[serve_paged] KV geometry varies per layer: [(2, 512), (8, 256)]
[serve_paged] KV geometry varies per layer: [(2, 512), (8, 256)]
P115_QGROUP off wikitext group 2 of 12 done at 20 s, 24.46 GiB allocated
[serve_paged] KV geometry varies per layer: [(2, 512), (8, 256)]
[serve_paged] KV geometry varies per layer: [(2, 512), (8, 256)]
[serve_paged] KV geometry varies per layer: [(2, 512), (8, 256)]
P115_QGROUP off wikitext group 3 of 12 done at 28 s, 24.46 GiB allocated
[serve_paged] KV geometry varies per layer: [(2, 512), (8, 256)]
[serve_paged] KV geometry varies per layer: [(2, 512), (8, 256)]
[serve_paged] KV geometry varies per layer: [(2, 512), (8, 256)]
P115_QGROUP off wikitext group 4 of 12 done at 37 s, 24.46 GiB allocated
[serve_paged] KV geometry varies per layer: [(2, 512), (8, 256)]
[serve_paged] KV geometry varies per layer: [(2, 512), (8, 256)]
[serve_paged] KV geometry varies per layer: [(2, 512), (8, 256)]
P115_QGROUP off wikitext group 5 of 12 done at 45 s, 24.46 GiB allocated
[serve_paged] KV geometry varies per layer: [(2, 512), (8, 256)]
[serve_paged] KV geometry varies per layer: [(2, 512), (8, 256)]
[serve_paged] KV geometry varies per layer: [(2, 512), (8, 256)]
P115_QGROUP off wikitext group 6 of 12 done at 54 s, 24.46 GiB allocated
[serve_paged] KV geometry varies per layer: [(2, 512), (8, 256)]
[serve_paged] KV geometry varies per layer: [(2, 512), (8, 256)]
[serve_paged] KV geometry varies per layer: [(2, 512), (8, 256)]
P115_QGROUP off wikitext group 7 of 12 done at 62 s, 24.46 GiB allocated
[serve_paged] KV geometry varies per layer: [(2, 512), (8, 256)]
[serve_paged] KV geometry varies per layer: [(2, 512), (8, 256)]
[serve_paged] KV geometry varies per layer: [(2, 512), (8, 256)]
P115_QGROUP off wikitext group 8 of 12 done at 71 s, 24.46 GiB allocated
[serve_paged] KV geometry varies per layer: [(2, 512), (8, 256)]
[serve_paged] KV geometry varies per layer: [(2, 512), (8, 256)]
[serve_paged] KV geometry varies per layer: [(2, 512), (8, 256)]
P115_QGROUP off wikitext group 9 of 12 done at 79 s, 24.46 GiB allocated
[serve_paged] KV geometry varies per layer: [(2, 512), (8, 256)]
[serve_paged] KV geometry varies per layer: [(2, 512), (8, 256)]
[serve_paged] KV geometry varies per layer: [(2, 512), (8, 256)]
P115_QGROUP off wikitext group 10 of 12 done at 88 s, 24.46 GiB allocated
[serve_paged] KV geometry varies per layer: [(2, 512), (8, 256)]
[serve_paged] KV geometry varies per layer: [(2, 512), (8, 256)]
[serve_paged] KV geometry varies per layer: [(2, 512), (8, 256)]
P115_QGROUP off wikitext group 11 of 12 done at 96 s, 24.46 GiB allocated
[serve_paged] KV geometry varies per layer: [(2, 512), (8, 256)]
[serve_paged] KV geometry varies per layer: [(2, 512), (8, 256)]
[serve_paged] KV geometry varies per layer: [(2, 512), (8, 256)]
P115_QGROUP off wikitext group 12 of 12 done at 105 s, 24.46 GiB allocated
[serve_paged] KV geometry varies per layer: [(2, 512), (8, 256)]
P115_QGROUP on wikitext group 1 of 12 done at 3 s, 24.46 GiB allocated
[serve_paged] KV geometry varies per layer: [(2, 512), (8, 256)]
P115_QGROUP on wikitext group 2 of 12 done at 6 s, 24.46 GiB allocated
[serve_paged] KV geometry varies per layer: [(2, 512), (8, 256)]
P115_QGROUP on wikitext group 3 of 12 done at 9 s, 24.46 GiB allocated
[serve_paged] KV geometry varies per layer: [(2, 512), (8, 256)]
P115_QGROUP on wikitext group 4 of 12 done at 12 s, 24.46 GiB allocated
[serve_paged] KV geometry varies per layer: [(2, 512), (8, 256)]
P115_QGROUP on wikitext group 5 of 12 done at 15 s, 24.46 GiB allocated
[serve_paged] KV geometry varies per layer: [(2, 512), (8, 256)]
P115_QGROUP on wikitext group 6 of 12 done at 18 s, 24.46 GiB allocated
[serve_paged] KV geometry varies per layer: [(2, 512), (8, 256)]
P115_QGROUP on wikitext group 7 of 12 done at 21 s, 24.46 GiB allocated
[serve_paged] KV geometry varies per layer: [(2, 512), (8, 256)]
P115_QGROUP on wikitext group 8 of 12 done at 24 s, 24.46 GiB allocated
[serve_paged] KV geometry varies per layer: [(2, 512), (8, 256)]
P115_QGROUP on wikitext group 9 of 12 done at 27 s, 24.46 GiB allocated
[serve_paged] KV geometry varies per layer: [(2, 512), (8, 256)]
P115_QGROUP on wikitext group 10 of 12 done at 30 s, 24.46 GiB allocated
[serve_paged] KV geometry varies per layer: [(2, 512), (8, 256)]
P115_QGROUP on wikitext group 11 of 12 done at 33 s, 24.46 GiB allocated
[serve_paged] KV geometry varies per layer: [(2, 512), (8, 256)]
P115_QGROUP on wikitext group 12 of 12 done at 36 s, 24.46 GiB allocated
[serve_paged] KV geometry varies per layer: [(2, 512), (8, 256)]
P115_QGROUP on wikitext group 1 of 12 done at 3 s, 24.46 GiB allocated
[serve_paged] KV geometry varies per layer: [(2, 512), (8, 256)]
P115_QGROUP on wikitext group 2 of 12 done at 7 s, 24.46 GiB allocated
[serve_paged] KV geometry varies per layer: [(2, 512), (8, 256)]
P115_QGROUP on wikitext group 3 of 12 done at 10 s, 24.46 GiB allocated
[serve_paged] KV geometry varies per layer: [(2, 512), (8, 256)]
P115_QGROUP on wikitext group 4 of 12 done at 13 s, 24.46 GiB allocated
[serve_paged] KV geometry varies per layer: [(2, 512), (8, 256)]
P115_QGROUP on wikitext group 5 of 12 done at 16 s, 24.46 GiB allocated
[serve_paged] KV geometry varies per layer: [(2, 512), (8, 256)]
P115_QGROUP on wikitext group 6 of 12 done at 19 s, 24.46 GiB allocated
[serve_paged] KV geometry varies per layer: [(2, 512), (8, 256)]
P115_QGROUP on wikitext group 7 of 12 done at 22 s, 24.46 GiB allocated
[serve_paged] KV geometry varies per layer: [(2, 512), (8, 256)]
P115_QGROUP on wikitext group 8 of 12 done at 25 s, 24.46 GiB allocated
[serve_paged] KV geometry varies per layer: [(2, 512), (8, 256)]
P115_QGROUP on wikitext group 9 of 12 done at 28 s, 24.46 GiB allocated
[serve_paged] KV geometry varies per layer: [(2, 512), (8, 256)]
P115_QGROUP on wikitext group 10 of 12 done at 31 s, 24.46 GiB allocated
[serve_paged] KV geometry varies per layer: [(2, 512), (8, 256)]
P115_QGROUP on wikitext group 11 of 12 done at 34 s, 24.46 GiB allocated
[serve_paged] KV geometry varies per layer: [(2, 512), (8, 256)]
P115_QGROUP on wikitext group 12 of 12 done at 38 s, 24.46 GiB allocated
FAM_CELL OFF wikitext|1|B done
[serve_paged] KV geometry varies per layer: [(2, 512), (8, 256)]
[serve_paged] KV geometry varies per layer: [(2, 512), (8, 256)]
[serve_paged] KV geometry varies per layer: [(2, 512), (8, 256)]
[serve_paged] KV geometry varies per layer: [(2, 512), (8, 256)]
P115_QGROUP off wikitext group 1 of 12 done at 12 s, 24.46 GiB allocated
[serve_paged] KV geometry varies per layer: [(2, 512), (8, 256)]
[serve_paged] KV geometry varies per layer: [(2, 512), (8, 256)]
[serve_paged] KV geometry varies per layer: [(2, 512), (8, 256)]
P115_QGROUP off wikitext group 2 of 12 done at 21 s, 24.46 GiB allocated
[serve_paged] KV geometry varies per layer: [(2, 512), (8, 256)]
[serve_paged] KV geometry varies per layer: [(2, 512), (8, 256)]
[serve_paged] KV geometry varies per layer: [(2, 512), (8, 256)]
P115_QGROUP off wikitext group 3 of 12 done at 30 s, 24.46 GiB allocated
[serve_paged] KV geometry varies per layer: [(2, 512), (8, 256)]
[serve_paged] KV geometry varies per layer: [(2, 512), (8, 256)]
[serve_paged] KV geometry varies per layer: [(2, 512), (8, 256)]
P115_QGROUP off wikitext group 4 of 12 done at 39 s, 24.46 GiB allocated
[serve_paged] KV geometry varies per layer: [(2, 512), (8, 256)]
[serve_paged] KV geometry varies per layer: [(2, 512), (8, 256)]
[serve_paged] KV geometry varies per layer: [(2, 512), (8, 256)]
P115_QGROUP off wikitext group 5 of 12 done at 48 s, 24.46 GiB allocated
[serve_paged] KV geometry varies per layer: [(2, 512), (8, 256)]
[serve_paged] KV geometry varies per layer: [(2, 512), (8, 256)]
[serve_paged] KV geometry varies per layer: [(2, 512), (8, 256)]
P115_QGROUP off wikitext group 6 of 12 done at 56 s, 24.46 GiB allocated
[serve_paged] KV geometry varies per layer: [(2, 512), (8, 256)]
[serve_paged] KV geometry varies per layer: [(2, 512), (8, 256)]
[serve_paged] KV geometry varies per layer: [(2, 512), (8, 256)]
P115_QGROUP off wikitext group 7 of 12 done at 65 s, 24.46 GiB allocated
[serve_paged] KV geometry varies per layer: [(2, 512), (8, 256)]
[serve_paged] KV geometry varies per layer: [(2, 512), (8, 256)]
[serve_paged] KV geometry varies per layer: [(2, 512), (8, 256)]
P115_QGROUP off wikitext group 8 of 12 done at 73 s, 24.46 GiB allocated
[serve_paged] KV geometry varies per layer: [(2, 512), (8, 256)]
[serve_paged] KV geometry varies per layer: [(2, 512), (8, 256)]
[serve_paged] KV geometry varies per layer: [(2, 512), (8, 256)]
P115_QGROUP off wikitext group 9 of 12 done at 82 s, 24.46 GiB allocated
[serve_paged] KV geometry varies per layer: [(2, 512), (8, 256)]
[serve_paged] KV geometry varies per layer: [(2, 512), (8, 256)]
[serve_paged] KV geometry varies per layer: [(2, 512), (8, 256)]
P115_QGROUP off wikitext group 10 of 12 done at 90 s, 24.46 GiB allocated
[serve_paged] KV geometry varies per layer: [(2, 512), (8, 256)]
[serve_paged] KV geometry varies per layer: [(2, 512), (8, 256)]
[serve_paged] KV geometry varies per layer: [(2, 512), (8, 256)]
P115_QGROUP off wikitext group 11 of 12 done at 99 s, 24.46 GiB allocated
[serve_paged] KV geometry varies per layer: [(2, 512), (8, 256)]
[serve_paged] KV geometry varies per layer: [(2, 512), (8, 256)]
[serve_paged] KV geometry varies per layer: [(2, 512), (8, 256)]
P115_QGROUP off wikitext group 12 of 12 done at 107 s, 24.46 GiB allocated
[serve_paged] KV geometry varies per layer: [(2, 512), (8, 256)]
P115_QGROUP on wikitext group 1 of 12 done at 3 s, 24.46 GiB allocated
[serve_paged] KV geometry varies per layer: [(2, 512), (8, 256)]
P115_QGROUP on wikitext group 2 of 12 done at 6 s, 24.46 GiB allocated
[serve_paged] KV geometry varies per layer: [(2, 512), (8, 256)]
P115_QGROUP on wikitext group 3 of 12 done at 9 s, 24.46 GiB allocated
[serve_paged] KV geometry varies per layer: [(2, 512), (8, 256)]
P115_QGROUP on wikitext group 4 of 12 done at 12 s, 24.46 GiB allocated
[serve_paged] KV geometry varies per layer: [(2, 512), (8, 256)]
P115_QGROUP on wikitext group 5 of 12 done at 15 s, 24.46 GiB allocated
[serve_paged] KV geometry varies per layer: [(2, 512), (8, 256)]
P115_QGROUP on wikitext group 6 of 12 done at 18 s, 24.46 GiB allocated
[serve_paged] KV geometry varies per layer: [(2, 512), (8, 256)]
P115_QGROUP on wikitext group 7 of 12 done at 21 s, 24.46 GiB allocated
[serve_paged] KV geometry varies per layer: [(2, 512), (8, 256)]
P115_QGROUP on wikitext group 8 of 12 done at 24 s, 24.46 GiB allocated
[serve_paged] KV geometry varies per layer: [(2, 512), (8, 256)]
P115_QGROUP on wikitext group 9 of 12 done at 27 s, 24.46 GiB allocated
[serve_paged] KV geometry varies per layer: [(2, 512), (8, 256)]
P115_QGROUP on wikitext group 10 of 12 done at 30 s, 24.46 GiB allocated
[serve_paged] KV geometry varies per layer: [(2, 512), (8, 256)]
P115_QGROUP on wikitext group 11 of 12 done at 33 s, 24.46 GiB allocated
[serve_paged] KV geometry varies per layer: [(2, 512), (8, 256)]
P115_QGROUP on wikitext group 12 of 12 done at 36 s, 24.46 GiB allocated
[serve_paged] KV geometry varies per layer: [(2, 512), (8, 256)]
P115_QGROUP on wikitext group 1 of 12 done at 3 s, 24.46 GiB allocated
[serve_paged] KV geometry varies per layer: [(2, 512), (8, 256)]
P115_QGROUP on wikitext group 2 of 12 done at 6 s, 24.46 GiB allocated
[serve_paged] KV geometry varies per layer: [(2, 512), (8, 256)]
P115_QGROUP on wikitext group 3 of 12 done at 9 s, 24.46 GiB allocated
[serve_paged] KV geometry varies per layer: [(2, 512), (8, 256)]
P115_QGROUP on wikitext group 4 of 12 done at 12 s, 24.46 GiB allocated
[serve_paged] KV geometry varies per layer: [(2, 512), (8, 256)]
P115_QGROUP on wikitext group 5 of 12 done at 15 s, 24.46 GiB allocated
[serve_paged] KV geometry varies per layer: [(2, 512), (8, 256)]
P115_QGROUP on wikitext group 6 of 12 done at 19 s, 24.46 GiB allocated
[serve_paged] KV geometry varies per layer: [(2, 512), (8, 256)]
P115_QGROUP on wikitext group 7 of 12 done at 22 s, 24.46 GiB allocated
[serve_paged] KV geometry varies per layer: [(2, 512), (8, 256)]
P115_QGROUP on wikitext group 8 of 12 done at 26 s, 24.46 GiB allocated
[serve_paged] KV geometry varies per layer: [(2, 512), (8, 256)]
P115_QGROUP on wikitext group 9 of 12 done at 29 s, 24.46 GiB allocated
[serve_paged] KV geometry varies per layer: [(2, 512), (8, 256)]
P115_QGROUP on wikitext group 10 of 12 done at 32 s, 24.46 GiB allocated
[serve_paged] KV geometry varies per layer: [(2, 512), (8, 256)]
P115_QGROUP on wikitext group 11 of 12 done at 35 s, 24.46 GiB allocated
[serve_paged] KV geometry varies per layer: [(2, 512), (8, 256)]
P115_QGROUP on wikitext group 12 of 12 done at 38 s, 24.46 GiB allocated
FAM_CELL OFF wikitext|1|C done
[serve_paged] KV geometry varies per layer: [(2, 512), (8, 256)]
[serve_paged] KV geometry varies per layer: [(2, 512), (8, 256)]
[serve_paged] KV geometry varies per layer: [(2, 512), (8, 256)]
[serve_paged] KV geometry varies per layer: [(2, 512), (8, 256)]
[serve_paged] KV geometry varies per layer: [(2, 512), (8, 256)]
P115_QGROUP off c4val1 group 1 of 1 done at 35 s, 24.46 GiB allocated
[serve_paged] KV geometry varies per layer: [(2, 512), (8, 256)]
P115_QGROUP on c4val1 group 1 of 1 done at 7 s, 24.46 GiB allocated
[serve_paged] KV geometry varies per layer: [(2, 512), (8, 256)]
P115_QGROUP on c4val1 group 1 of 1 done at 6 s, 24.46 GiB allocated
[serve_paged] KV geometry varies per layer: [(2, 512), (8, 256)]
P115_QGROUP on c4val1 group 1 of 1 done at 6 s, 24.46 GiB allocated
[serve_paged] KV geometry varies per layer: [(2, 512), (8, 256)]
P115_QGROUP on c4val1 group 1 of 1 done at 6 s, 24.46 GiB allocated
FAM_CELL OFF c4val1|12|A done
[serve_paged] KV geometry varies per layer: [(2, 512), (8, 256)]
[serve_paged] KV geometry varies per layer: [(2, 512), (8, 256)]
[serve_paged] KV geometry varies per layer: [(2, 512), (8, 256)]
[serve_paged] KV geometry varies per layer: [(2, 512), (8, 256)]
[serve_paged] KV geometry varies per layer: [(2, 512), (8, 256)]
P115_QGROUP off c4val1 group 1 of 1 done at 33 s, 24.46 GiB allocated
[serve_paged] KV geometry varies per layer: [(2, 512), (8, 256)]
P115_QGROUP on c4val1 group 1 of 1 done at 6 s, 24.46 GiB allocated
[serve_paged] KV geometry varies per layer: [(2, 512), (8, 256)]
P115_QGROUP on c4val1 group 1 of 1 done at 6 s, 24.46 GiB allocated
FAM_CELL OFF c4val1|12|B done
[serve_paged] KV geometry varies per layer: [(2, 512), (8, 256)]
[serve_paged] KV geometry varies per layer: [(2, 512), (8, 256)]
[serve_paged] KV geometry varies per layer: [(2, 512), (8, 256)]
[serve_paged] KV geometry varies per layer: [(2, 512), (8, 256)]
[serve_paged] KV geometry varies per layer: [(2, 512), (8, 256)]
P115_QGROUP off c4val1 group 1 of 1 done at 32 s, 24.46 GiB allocated
[serve_paged] KV geometry varies per layer: [(2, 512), (8, 256)]
P115_QGROUP on c4val1 group 1 of 1 done at 6 s, 24.46 GiB allocated
[serve_paged] KV geometry varies per layer: [(2, 512), (8, 256)]
P115_QGROUP on c4val1 group 1 of 1 done at 6 s, 24.46 GiB allocated
FAM_CELL OFF c4val1|12|C done
[serve_paged] KV geometry varies per layer: [(2, 512), (8, 256)]
[serve_paged] KV geometry varies per layer: [(2, 512), (8, 256)]
[serve_paged] KV geometry varies per layer: [(2, 512), (8, 256)]
[serve_paged] KV geometry varies per layer: [(2, 512), (8, 256)]
P115_QGROUP off c4val1 group 1 of 12 done at 11 s, 24.46 GiB allocated
[serve_paged] KV geometry varies per layer: [(2, 512), (8, 256)]
[serve_paged] KV geometry varies per layer: [(2, 512), (8, 256)]
[serve_paged] KV geometry varies per layer: [(2, 512), (8, 256)]
P115_QGROUP off c4val1 group 2 of 12 done at 20 s, 24.46 GiB allocated
[serve_paged] KV geometry varies per layer: [(2, 512), (8, 256)]
[serve_paged] KV geometry varies per layer: [(2, 512), (8, 256)]
[serve_paged] KV geometry varies per layer: [(2, 512), (8, 256)]
P115_QGROUP off c4val1 group 3 of 12 done at 29 s, 24.46 GiB allocated
[serve_paged] KV geometry varies per layer: [(2, 512), (8, 256)]
[serve_paged] KV geometry varies per layer: [(2, 512), (8, 256)]
[serve_paged] KV geometry varies per layer: [(2, 512), (8, 256)]
P115_QGROUP off c4val1 group 4 of 12 done at 38 s, 24.46 GiB allocated
[serve_paged] KV geometry varies per layer: [(2, 512), (8, 256)]
[serve_paged] KV geometry varies per layer: [(2, 512), (8, 256)]
[serve_paged] KV geometry varies per layer: [(2, 512), (8, 256)]
P115_QGROUP off c4val1 group 5 of 12 done at 47 s, 24.46 GiB allocated
[serve_paged] KV geometry varies per layer: [(2, 512), (8, 256)]
[serve_paged] KV geometry varies per layer: [(2, 512), (8, 256)]
[serve_paged] KV geometry varies per layer: [(2, 512), (8, 256)]
P115_QGROUP off c4val1 group 6 of 12 done at 55 s, 24.46 GiB allocated
[serve_paged] KV geometry varies per layer: [(2, 512), (8, 256)]
[serve_paged] KV geometry varies per layer: [(2, 512), (8, 256)]
[serve_paged] KV geometry varies per layer: [(2, 512), (8, 256)]
P115_QGROUP off c4val1 group 7 of 12 done at 64 s, 24.46 GiB allocated
[serve_paged] KV geometry varies per layer: [(2, 512), (8, 256)]
[serve_paged] KV geometry varies per layer: [(2, 512), (8, 256)]
[serve_paged] KV geometry varies per layer: [(2, 512), (8, 256)]
P115_QGROUP off c4val1 group 8 of 12 done at 73 s, 24.46 GiB allocated
[serve_paged] KV geometry varies per layer: [(2, 512), (8, 256)]
[serve_paged] KV geometry varies per layer: [(2, 512), (8, 256)]
[serve_paged] KV geometry varies per layer: [(2, 512), (8, 256)]
P115_QGROUP off c4val1 group 9 of 12 done at 81 s, 24.46 GiB allocated
[serve_paged] KV geometry varies per layer: [(2, 512), (8, 256)]
[serve_paged] KV geometry varies per layer: [(2, 512), (8, 256)]
[serve_paged] KV geometry varies per layer: [(2, 512), (8, 256)]
P115_QGROUP off c4val1 group 10 of 12 done at 90 s, 24.46 GiB allocated
[serve_paged] KV geometry varies per layer: [(2, 512), (8, 256)]
[serve_paged] KV geometry varies per layer: [(2, 512), (8, 256)]
[serve_paged] KV geometry varies per layer: [(2, 512), (8, 256)]
P115_QGROUP off c4val1 group 11 of 12 done at 98 s, 24.46 GiB allocated
[serve_paged] KV geometry varies per layer: [(2, 512), (8, 256)]
[serve_paged] KV geometry varies per layer: [(2, 512), (8, 256)]
[serve_paged] KV geometry varies per layer: [(2, 512), (8, 256)]
P115_QGROUP off c4val1 group 12 of 12 done at 108 s, 24.46 GiB allocated
[serve_paged] KV geometry varies per layer: [(2, 512), (8, 256)]
P115_QGROUP on c4val1 group 1 of 12 done at 3 s, 24.46 GiB allocated
[serve_paged] KV geometry varies per layer: [(2, 512), (8, 256)]
P115_QGROUP on c4val1 group 2 of 12 done at 7 s, 24.46 GiB allocated
[serve_paged] KV geometry varies per layer: [(2, 512), (8, 256)]
P115_QGROUP on c4val1 group 3 of 12 done at 10 s, 24.46 GiB allocated
[serve_paged] KV geometry varies per layer: [(2, 512), (8, 256)]
P115_QGROUP on c4val1 group 4 of 12 done at 13 s, 24.46 GiB allocated
[serve_paged] KV geometry varies per layer: [(2, 512), (8, 256)]
P115_QGROUP on c4val1 group 5 of 12 done at 16 s, 24.46 GiB allocated
[serve_paged] KV geometry varies per layer: [(2, 512), (8, 256)]
P115_QGROUP on c4val1 group 6 of 12 done at 18 s, 24.46 GiB allocated
[serve_paged] KV geometry varies per layer: [(2, 512), (8, 256)]
P115_QGROUP on c4val1 group 7 of 12 done at 22 s, 24.46 GiB allocated
[serve_paged] KV geometry varies per layer: [(2, 512), (8, 256)]
P115_QGROUP on c4val1 group 8 of 12 done at 25 s, 24.46 GiB allocated
[serve_paged] KV geometry varies per layer: [(2, 512), (8, 256)]
P115_QGROUP on c4val1 group 9 of 12 done at 28 s, 24.46 GiB allocated
[serve_paged] KV geometry varies per layer: [(2, 512), (8, 256)]
P115_QGROUP on c4val1 group 10 of 12 done at 30 s, 24.46 GiB allocated
[serve_paged] KV geometry varies per layer: [(2, 512), (8, 256)]
P115_QGROUP on c4val1 group 11 of 12 done at 33 s, 24.46 GiB allocated
[serve_paged] KV geometry varies per layer: [(2, 512), (8, 256)]
P115_QGROUP on c4val1 group 12 of 12 done at 36 s, 24.46 GiB allocated
[serve_paged] KV geometry varies per layer: [(2, 512), (8, 256)]
P115_QGROUP on c4val1 group 1 of 12 done at 3 s, 24.46 GiB allocated
[serve_paged] KV geometry varies per layer: [(2, 512), (8, 256)]
P115_QGROUP on c4val1 group 2 of 12 done at 6 s, 24.46 GiB allocated
[serve_paged] KV geometry varies per layer: [(2, 512), (8, 256)]
P115_QGROUP on c4val1 group 3 of 12 done at 9 s, 24.46 GiB allocated
[serve_paged] KV geometry varies per layer: [(2, 512), (8, 256)]
P115_QGROUP on c4val1 group 4 of 12 done at 12 s, 24.46 GiB allocated
[serve_paged] KV geometry varies per layer: [(2, 512), (8, 256)]
P115_QGROUP on c4val1 group 5 of 12 done at 15 s, 24.46 GiB allocated
[serve_paged] KV geometry varies per layer: [(2, 512), (8, 256)]
P115_QGROUP on c4val1 group 6 of 12 done at 18 s, 24.46 GiB allocated
[serve_paged] KV geometry varies per layer: [(2, 512), (8, 256)]
P115_QGROUP on c4val1 group 7 of 12 done at 21 s, 24.46 GiB allocated
[serve_paged] KV geometry varies per layer: [(2, 512), (8, 256)]
P115_QGROUP on c4val1 group 8 of 12 done at 24 s, 24.46 GiB allocated
[serve_paged] KV geometry varies per layer: [(2, 512), (8, 256)]
P115_QGROUP on c4val1 group 9 of 12 done at 27 s, 24.46 GiB allocated
[serve_paged] KV geometry varies per layer: [(2, 512), (8, 256)]
P115_QGROUP on c4val1 group 10 of 12 done at 30 s, 24.46 GiB allocated
[serve_paged] KV geometry varies per layer: [(2, 512), (8, 256)]
P115_QGROUP on c4val1 group 11 of 12 done at 33 s, 24.46 GiB allocated
[serve_paged] KV geometry varies per layer: [(2, 512), (8, 256)]
P115_QGROUP on c4val1 group 12 of 12 done at 36 s, 24.46 GiB allocated
[serve_paged] KV geometry varies per layer: [(2, 512), (8, 256)]
P115_QGROUP on c4val1 group 1 of 12 done at 3 s, 24.46 GiB allocated
[serve_paged] KV geometry varies per layer: [(2, 512), (8, 256)]
P115_QGROUP on c4val1 group 2 of 12 done at 6 s, 24.46 GiB allocated
[serve_paged] KV geometry varies per layer: [(2, 512), (8, 256)]
P115_QGROUP on c4val1 group 3 of 12 done at 9 s, 24.46 GiB allocated
[serve_paged] KV geometry varies per layer: [(2, 512), (8, 256)]
P115_QGROUP on c4val1 group 4 of 12 done at 12 s, 24.46 GiB allocated
[serve_paged] KV geometry varies per layer: [(2, 512), (8, 256)]
P115_QGROUP on c4val1 group 5 of 12 done at 15 s, 24.46 GiB allocated
[serve_paged] KV geometry varies per layer: [(2, 512), (8, 256)]
P115_QGROUP on c4val1 group 6 of 12 done at 18 s, 24.46 GiB allocated
[serve_paged] KV geometry varies per layer: [(2, 512), (8, 256)]
P115_QGROUP on c4val1 group 7 of 12 done at 21 s, 24.46 GiB allocated
[serve_paged] KV geometry varies per layer: [(2, 512), (8, 256)]
P115_QGROUP on c4val1 group 8 of 12 done at 24 s, 24.46 GiB allocated
[serve_paged] KV geometry varies per layer: [(2, 512), (8, 256)]
P115_QGROUP on c4val1 group 9 of 12 done at 27 s, 24.46 GiB allocated
[serve_paged] KV geometry varies per layer: [(2, 512), (8, 256)]
P115_QGROUP on c4val1 group 10 of 12 done at 30 s, 24.46 GiB allocated
[serve_paged] KV geometry varies per layer: [(2, 512), (8, 256)]
P115_QGROUP on c4val1 group 11 of 12 done at 33 s, 24.46 GiB allocated
[serve_paged] KV geometry varies per layer: [(2, 512), (8, 256)]
P115_QGROUP on c4val1 group 12 of 12 done at 36 s, 24.46 GiB allocated
[serve_paged] KV geometry varies per layer: [(2, 512), (8, 256)]
P115_QGROUP on c4val1 group 1 of 12 done at 3 s, 24.46 GiB allocated
[serve_paged] KV geometry varies per layer: [(2, 512), (8, 256)]
P115_QGROUP on c4val1 group 2 of 12 done at 6 s, 24.46 GiB allocated
[serve_paged] KV geometry varies per layer: [(2, 512), (8, 256)]
P115_QGROUP on c4val1 group 3 of 12 done at 9 s, 24.46 GiB allocated
[serve_paged] KV geometry varies per layer: [(2, 512), (8, 256)]
P115_QGROUP on c4val1 group 4 of 12 done at 12 s, 24.46 GiB allocated
[serve_paged] KV geometry varies per layer: [(2, 512), (8, 256)]
P115_QGROUP on c4val1 group 5 of 12 done at 15 s, 24.46 GiB allocated
[serve_paged] KV geometry varies per layer: [(2, 512), (8, 256)]
P115_QGROUP on c4val1 group 6 of 12 done at 18 s, 24.46 GiB allocated
[serve_paged] KV geometry varies per layer: [(2, 512), (8, 256)]
P115_QGROUP on c4val1 group 7 of 12 done at 21 s, 24.46 GiB allocated
[serve_paged] KV geometry varies per layer: [(2, 512), (8, 256)]
P115_QGROUP on c4val1 group 8 of 12 done at 24 s, 24.46 GiB allocated
[serve_paged] KV geometry varies per layer: [(2, 512), (8, 256)]
P115_QGROUP on c4val1 group 9 of 12 done at 27 s, 24.46 GiB allocated
[serve_paged] KV geometry varies per layer: [(2, 512), (8, 256)]
P115_QGROUP on c4val1 group 10 of 12 done at 30 s, 24.46 GiB allocated
[serve_paged] KV geometry varies per layer: [(2, 512), (8, 256)]
P115_QGROUP on c4val1 group 11 of 12 done at 33 s, 24.46 GiB allocated
[serve_paged] KV geometry varies per layer: [(2, 512), (8, 256)]
P115_QGROUP on c4val1 group 12 of 12 done at 36 s, 24.46 GiB allocated
FAM_CELL OFF c4val1|1|A done
[serve_paged] KV geometry varies per layer: [(2, 512), (8, 256)]
[serve_paged] KV geometry varies per layer: [(2, 512), (8, 256)]
[serve_paged] KV geometry varies per layer: [(2, 512), (8, 256)]
[serve_paged] KV geometry varies per layer: [(2, 512), (8, 256)]
P115_QGROUP off c4val1 group 1 of 12 done at 11 s, 24.46 GiB allocated
[serve_paged] KV geometry varies per layer: [(2, 512), (8, 256)]
[serve_paged] KV geometry varies per layer: [(2, 512), (8, 256)]
[serve_paged] KV geometry varies per layer: [(2, 512), (8, 256)]
P115_QGROUP off c4val1 group 2 of 12 done at 20 s, 24.46 GiB allocated
[serve_paged] KV geometry varies per layer: [(2, 512), (8, 256)]
[serve_paged] KV geometry varies per layer: [(2, 512), (8, 256)]
[serve_paged] KV geometry varies per layer: [(2, 512), (8, 256)]
P115_QGROUP off c4val1 group 3 of 12 done at 28 s, 24.46 GiB allocated
[serve_paged] KV geometry varies per layer: [(2, 512), (8, 256)]
[serve_paged] KV geometry varies per layer: [(2, 512), (8, 256)]
[serve_paged] KV geometry varies per layer: [(2, 512), (8, 256)]
P115_QGROUP off c4val1 group 4 of 12 done at 37 s, 24.46 GiB allocated
[serve_paged] KV geometry varies per layer: [(2, 512), (8, 256)]
[serve_paged] KV geometry varies per layer: [(2, 512), (8, 256)]
[serve_paged] KV geometry varies per layer: [(2, 512), (8, 256)]
P115_QGROUP off c4val1 group 5 of 12 done at 45 s, 24.46 GiB allocated
[serve_paged] KV geometry varies per layer: [(2, 512), (8, 256)]
[serve_paged] KV geometry varies per layer: [(2, 512), (8, 256)]
[serve_paged] KV geometry varies per layer: [(2, 512), (8, 256)]
P115_QGROUP off c4val1 group 6 of 12 done at 54 s, 24.46 GiB allocated
[serve_paged] KV geometry varies per layer: [(2, 512), (8, 256)]
[serve_paged] KV geometry varies per layer: [(2, 512), (8, 256)]
[serve_paged] KV geometry varies per layer: [(2, 512), (8, 256)]
P115_QGROUP off c4val1 group 7 of 12 done at 62 s, 24.46 GiB allocated
[serve_paged] KV geometry varies per layer: [(2, 512), (8, 256)]
[serve_paged] KV geometry varies per layer: [(2, 512), (8, 256)]
[serve_paged] KV geometry varies per layer: [(2, 512), (8, 256)]
P115_QGROUP off c4val1 group 8 of 12 done at 71 s, 24.46 GiB allocated
[serve_paged] KV geometry varies per layer: [(2, 512), (8, 256)]
[serve_paged] KV geometry varies per layer: [(2, 512), (8, 256)]
[serve_paged] KV geometry varies per layer: [(2, 512), (8, 256)]
P115_QGROUP off c4val1 group 9 of 12 done at 79 s, 24.46 GiB allocated
[serve_paged] KV geometry varies per layer: [(2, 512), (8, 256)]
[serve_paged] KV geometry varies per layer: [(2, 512), (8, 256)]
[serve_paged] KV geometry varies per layer: [(2, 512), (8, 256)]
P115_QGROUP off c4val1 group 10 of 12 done at 88 s, 24.46 GiB allocated
[serve_paged] KV geometry varies per layer: [(2, 512), (8, 256)]
[serve_paged] KV geometry varies per layer: [(2, 512), (8, 256)]
[serve_paged] KV geometry varies per layer: [(2, 512), (8, 256)]
P115_QGROUP off c4val1 group 11 of 12 done at 96 s, 24.46 GiB allocated
[serve_paged] KV geometry varies per layer: [(2, 512), (8, 256)]
[serve_paged] KV geometry varies per layer: [(2, 512), (8, 256)]
[serve_paged] KV geometry varies per layer: [(2, 512), (8, 256)]
P115_QGROUP off c4val1 group 12 of 12 done at 105 s, 24.46 GiB allocated
[serve_paged] KV geometry varies per layer: [(2, 512), (8, 256)]
P115_QGROUP on c4val1 group 1 of 12 done at 3 s, 24.46 GiB allocated
[serve_paged] KV geometry varies per layer: [(2, 512), (8, 256)]
P115_QGROUP on c4val1 group 2 of 12 done at 6 s, 24.46 GiB allocated
[serve_paged] KV geometry varies per layer: [(2, 512), (8, 256)]
P115_QGROUP on c4val1 group 3 of 12 done at 9 s, 24.46 GiB allocated
[serve_paged] KV geometry varies per layer: [(2, 512), (8, 256)]
P115_QGROUP on c4val1 group 4 of 12 done at 12 s, 24.46 GiB allocated
[serve_paged] KV geometry varies per layer: [(2, 512), (8, 256)]
P115_QGROUP on c4val1 group 5 of 12 done at 15 s, 24.46 GiB allocated
[serve_paged] KV geometry varies per layer: [(2, 512), (8, 256)]
P115_QGROUP on c4val1 group 6 of 12 done at 18 s, 24.46 GiB allocated
[serve_paged] KV geometry varies per layer: [(2, 512), (8, 256)]
P115_QGROUP on c4val1 group 7 of 12 done at 21 s, 24.46 GiB allocated
[serve_paged] KV geometry varies per layer: [(2, 512), (8, 256)]
P115_QGROUP on c4val1 group 8 of 12 done at 24 s, 24.46 GiB allocated
[serve_paged] KV geometry varies per layer: [(2, 512), (8, 256)]
P115_QGROUP on c4val1 group 9 of 12 done at 27 s, 24.46 GiB allocated
[serve_paged] KV geometry varies per layer: [(2, 512), (8, 256)]
P115_QGROUP on c4val1 group 10 of 12 done at 30 s, 24.46 GiB allocated
[serve_paged] KV geometry varies per layer: [(2, 512), (8, 256)]
P115_QGROUP on c4val1 group 11 of 12 done at 33 s, 24.46 GiB allocated
[serve_paged] KV geometry varies per layer: [(2, 512), (8, 256)]
P115_QGROUP on c4val1 group 12 of 12 done at 36 s, 24.46 GiB allocated
[serve_paged] KV geometry varies per layer: [(2, 512), (8, 256)]
P115_QGROUP on c4val1 group 1 of 12 done at 3 s, 24.46 GiB allocated
[serve_paged] KV geometry varies per layer: [(2, 512), (8, 256)]
P115_QGROUP on c4val1 group 2 of 12 done at 6 s, 24.46 GiB allocated
[serve_paged] KV geometry varies per layer: [(2, 512), (8, 256)]
P115_QGROUP on c4val1 group 3 of 12 done at 9 s, 24.46 GiB allocated
[serve_paged] KV geometry varies per layer: [(2, 512), (8, 256)]
P115_QGROUP on c4val1 group 4 of 12 done at 12 s, 24.46 GiB allocated
[serve_paged] KV geometry varies per layer: [(2, 512), (8, 256)]
P115_QGROUP on c4val1 group 5 of 12 done at 15 s, 24.46 GiB allocated
[serve_paged] KV geometry varies per layer: [(2, 512), (8, 256)]
P115_QGROUP on c4val1 group 6 of 12 done at 18 s, 24.46 GiB allocated
[serve_paged] KV geometry varies per layer: [(2, 512), (8, 256)]
P115_QGROUP on c4val1 group 7 of 12 done at 21 s, 24.46 GiB allocated
[serve_paged] KV geometry varies per layer: [(2, 512), (8, 256)]
P115_QGROUP on c4val1 group 8 of 12 done at 24 s, 24.46 GiB allocated
[serve_paged] KV geometry varies per layer: [(2, 512), (8, 256)]
P115_QGROUP on c4val1 group 9 of 12 done at 27 s, 24.46 GiB allocated
[serve_paged] KV geometry varies per layer: [(2, 512), (8, 256)]
P115_QGROUP on c4val1 group 10 of 12 done at 30 s, 24.46 GiB allocated
[serve_paged] KV geometry varies per layer: [(2, 512), (8, 256)]
P115_QGROUP on c4val1 group 11 of 12 done at 33 s, 24.46 GiB allocated
[serve_paged] KV geometry varies per layer: [(2, 512), (8, 256)]
P115_QGROUP on c4val1 group 12 of 12 done at 36 s, 24.46 GiB allocated
FAM_CELL OFF c4val1|1|B done
[serve_paged] KV geometry varies per layer: [(2, 512), (8, 256)]
[serve_paged] KV geometry varies per layer: [(2, 512), (8, 256)]
[serve_paged] KV geometry varies per layer: [(2, 512), (8, 256)]
[serve_paged] KV geometry varies per layer: [(2, 512), (8, 256)]
P115_QGROUP off c4val1 group 1 of 12 done at 11 s, 24.46 GiB allocated
[serve_paged] KV geometry varies per layer: [(2, 512), (8, 256)]
[serve_paged] KV geometry varies per layer: [(2, 512), (8, 256)]
[serve_paged] KV geometry varies per layer: [(2, 512), (8, 256)]
P115_QGROUP off c4val1 group 2 of 12 done at 20 s, 24.46 GiB allocated
[serve_paged] KV geometry varies per layer: [(2, 512), (8, 256)]
[serve_paged] KV geometry varies per layer: [(2, 512), (8, 256)]
[serve_paged] KV geometry varies per layer: [(2, 512), (8, 256)]
P115_QGROUP off c4val1 group 3 of 12 done at 28 s, 24.46 GiB allocated
[serve_paged] KV geometry varies per layer: [(2, 512), (8, 256)]
[serve_paged] KV geometry varies per layer: [(2, 512), (8, 256)]
[serve_paged] KV geometry varies per layer: [(2, 512), (8, 256)]
P115_QGROUP off c4val1 group 4 of 12 done at 37 s, 24.46 GiB allocated
[serve_paged] KV geometry varies per layer: [(2, 512), (8, 256)]
[serve_paged] KV geometry varies per layer: [(2, 512), (8, 256)]
[serve_paged] KV geometry varies per layer: [(2, 512), (8, 256)]
P115_QGROUP off c4val1 group 5 of 12 done at 45 s, 24.46 GiB allocated
[serve_paged] KV geometry varies per layer: [(2, 512), (8, 256)]
[serve_paged] KV geometry varies per layer: [(2, 512), (8, 256)]
[serve_paged] KV geometry varies per layer: [(2, 512), (8, 256)]
P115_QGROUP off c4val1 group 6 of 12 done at 54 s, 24.46 GiB allocated
[serve_paged] KV geometry varies per layer: [(2, 512), (8, 256)]
[serve_paged] KV geometry varies per layer: [(2, 512), (8, 256)]
[serve_paged] KV geometry varies per layer: [(2, 512), (8, 256)]
P115_QGROUP off c4val1 group 7 of 12 done at 62 s, 24.46 GiB allocated
[serve_paged] KV geometry varies per layer: [(2, 512), (8, 256)]
[serve_paged] KV geometry varies per layer: [(2, 512), (8, 256)]
[serve_paged] KV geometry varies per layer: [(2, 512), (8, 256)]
P115_QGROUP off c4val1 group 8 of 12 done at 71 s, 24.46 GiB allocated
[serve_paged] KV geometry varies per layer: [(2, 512), (8, 256)]
[serve_paged] KV geometry varies per layer: [(2, 512), (8, 256)]
[serve_paged] KV geometry varies per layer: [(2, 512), (8, 256)]
P115_QGROUP off c4val1 group 9 of 12 done at 79 s, 24.46 GiB allocated
[serve_paged] KV geometry varies per layer: [(2, 512), (8, 256)]
[serve_paged] KV geometry varies per layer: [(2, 512), (8, 256)]
[serve_paged] KV geometry varies per layer: [(2, 512), (8, 256)]
P115_QGROUP off c4val1 group 10 of 12 done at 88 s, 24.46 GiB allocated
[serve_paged] KV geometry varies per layer: [(2, 512), (8, 256)]
[serve_paged] KV geometry varies per layer: [(2, 512), (8, 256)]
[serve_paged] KV geometry varies per layer: [(2, 512), (8, 256)]
P115_QGROUP off c4val1 group 11 of 12 done at 96 s, 24.46 GiB allocated
[serve_paged] KV geometry varies per layer: [(2, 512), (8, 256)]
[serve_paged] KV geometry varies per layer: [(2, 512), (8, 256)]
[serve_paged] KV geometry varies per layer: [(2, 512), (8, 256)]
P115_QGROUP off c4val1 group 12 of 12 done at 105 s, 24.46 GiB allocated
[serve_paged] KV geometry varies per layer: [(2, 512), (8, 256)]
P115_QGROUP on c4val1 group 1 of 12 done at 3 s, 24.46 GiB allocated
[serve_paged] KV geometry varies per layer: [(2, 512), (8, 256)]
P115_QGROUP on c4val1 group 2 of 12 done at 6 s, 24.46 GiB allocated
[serve_paged] KV geometry varies per layer: [(2, 512), (8, 256)]
P115_QGROUP on c4val1 group 3 of 12 done at 9 s, 24.46 GiB allocated
[serve_paged] KV geometry varies per layer: [(2, 512), (8, 256)]
P115_QGROUP on c4val1 group 4 of 12 done at 12 s, 24.46 GiB allocated
[serve_paged] KV geometry varies per layer: [(2, 512), (8, 256)]
P115_QGROUP on c4val1 group 5 of 12 done at 15 s, 24.46 GiB allocated
[serve_paged] KV geometry varies per layer: [(2, 512), (8, 256)]
P115_QGROUP on c4val1 group 6 of 12 done at 18 s, 24.46 GiB allocated
[serve_paged] KV geometry varies per layer: [(2, 512), (8, 256)]
P115_QGROUP on c4val1 group 7 of 12 done at 21 s, 24.46 GiB allocated
[serve_paged] KV geometry varies per layer: [(2, 512), (8, 256)]
P115_QGROUP on c4val1 group 8 of 12 done at 24 s, 24.46 GiB allocated
[serve_paged] KV geometry varies per layer: [(2, 512), (8, 256)]
P115_QGROUP on c4val1 group 9 of 12 done at 27 s, 24.46 GiB allocated
[serve_paged] KV geometry varies per layer: [(2, 512), (8, 256)]
P115_QGROUP on c4val1 group 10 of 12 done at 30 s, 24.46 GiB allocated
[serve_paged] KV geometry varies per layer: [(2, 512), (8, 256)]
P115_QGROUP on c4val1 group 11 of 12 done at 33 s, 24.46 GiB allocated
[serve_paged] KV geometry varies per layer: [(2, 512), (8, 256)]
P115_QGROUP on c4val1 group 12 of 12 done at 36 s, 24.46 GiB allocated
[serve_paged] KV geometry varies per layer: [(2, 512), (8, 256)]
P115_QGROUP on c4val1 group 1 of 12 done at 3 s, 24.46 GiB allocated
[serve_paged] KV geometry varies per layer: [(2, 512), (8, 256)]
P115_QGROUP on c4val1 group 2 of 12 done at 6 s, 24.46 GiB allocated
[serve_paged] KV geometry varies per layer: [(2, 512), (8, 256)]
P115_QGROUP on c4val1 group 3 of 12 done at 9 s, 24.46 GiB allocated
[serve_paged] KV geometry varies per layer: [(2, 512), (8, 256)]
P115_QGROUP on c4val1 group 4 of 12 done at 12 s, 24.46 GiB allocated
[serve_paged] KV geometry varies per layer: [(2, 512), (8, 256)]
P115_QGROUP on c4val1 group 5 of 12 done at 15 s, 24.46 GiB allocated
[serve_paged] KV geometry varies per layer: [(2, 512), (8, 256)]
P115_QGROUP on c4val1 group 6 of 12 done at 18 s, 24.46 GiB allocated
[serve_paged] KV geometry varies per layer: [(2, 512), (8, 256)]
P115_QGROUP on c4val1 group 7 of 12 done at 21 s, 24.46 GiB allocated
[serve_paged] KV geometry varies per layer: [(2, 512), (8, 256)]
P115_QGROUP on c4val1 group 8 of 12 done at 24 s, 24.46 GiB allocated
[serve_paged] KV geometry varies per layer: [(2, 512), (8, 256)]
P115_QGROUP on c4val1 group 9 of 12 done at 27 s, 24.46 GiB allocated
[serve_paged] KV geometry varies per layer: [(2, 512), (8, 256)]
P115_QGROUP on c4val1 group 10 of 12 done at 30 s, 24.46 GiB allocated
[serve_paged] KV geometry varies per layer: [(2, 512), (8, 256)]
P115_QGROUP on c4val1 group 11 of 12 done at 33 s, 24.46 GiB allocated
[serve_paged] KV geometry varies per layer: [(2, 512), (8, 256)]
P115_QGROUP on c4val1 group 12 of 12 done at 36 s, 24.46 GiB allocated
FAM_CELL OFF c4val1|1|C done
FAM_BOX OFF/default census={'fuse_qkv_n': 0, 'fuse_t1_glue_n': 0, 'fuse_t1_glue_r2_n': [0, 0], 'fuse_router_epilogue_n': 0} store=[] cells=12 mem=26.18 GB 1535.2 s
