{
 "gpu": "NVIDIA GeForce RTX 5090",
 "flops": {
  "tflops": {
   "median": 183.9,
   "min": 183.65,
   "max": 183.94,
   "spread": 1.0016
  },
  "ms_per_gemm": {
   "median": 0.7474,
   "min": 0.7472,
   "max": 0.7484,
   "spread": 1.0016
  }
 },
 "launch": {
  "launches_per_s": {
   "median": 176030,
   "min": 155143,
   "max": 178120,
   "spread": 1.1481
  },
  "us_per_launch": {
   "median": 5.681,
   "min": 5.614,
   "max": 6.446,
   "spread": 1.1482
  }
 },
 "h2d": {
  "h2d_gb_s": {
   "median": 25.64,
   "min": 25.45,
   "max": 25.87,
   "spread": 1.0165
  }
 }
}
