{
 "gpu": "NVIDIA GeForce RTX 5090",
 "flops": {
  "tflops": {
   "median": 183.4,
   "min": 183.08,
   "max": 183.97,
   "spread": 1.0049
  },
  "ms_per_gemm": {
   "median": 0.7494,
   "min": 0.7471,
   "max": 0.7507,
   "spread": 1.0048
  }
 },
 "launch": {
  "launches_per_s": {
   "median": 179010,
   "min": 176395,
   "max": 180918,
   "spread": 1.0256
  },
  "us_per_launch": {
   "median": 5.586,
   "min": 5.527,
   "max": 5.669,
   "spread": 1.0257
  }
 },
 "h2d": {
  "h2d_gb_s": {
   "median": 25.42,
   "min": 25.22,
   "max": 25.5,
   "spread": 1.0111
  }
 }
}
