1791226799 10.89 13.02 13.27 13/9249 1192
1791226804 11.14 13.04 13.27 26/9563 1332
1791226809 10.89 12.95 13.24 14/9505 1475
1791226814 10.74 12.89 13.22 12/9393 1637
1791226819 11.08 12.92 13.23 15/9397 1746
1791226824 11.39 12.96 13.24 15/9395 1799
1791226829 11.44 12.94 13.23 18/9396 1880
1791226834 11.33 12.89 13.22 18/9394 1947
1791226839 11.54 12.91 13.22 16/9392 1980
1791226844 11.42 12.86 13.20 20/9395 2005
1791226849 11.30 12.81 13.19 15/9394 2040
1791226854 11.12 12.75 13.16 23/9396 2061
1791226859 11.03 12.70 13.15 12/9398 2066
1791226864 11.19 12.71 13.14 13/9397 2143
1791226869 11.41 12.73 13.15 11/9398 2165
1791226874 11.14 12.65 13.12 13/9398 2174
1791226879 11.45 12.69 13.13 14/9398 2205
1791226884 11.17 12.61 13.10 13/9396 2228
1791226889 11.24 12.60 13.10 11/9397 2285
1791226894 11.54 12.64 13.11 13/9400 2306
1791226899 14.54 13.25 13.30 12/9399 2334
1791226904 14.02 13.16 13.27 11/9398 2339
1791226909 13.53 13.07 13.24 17/9398 2342
1791226914 13.09 12.99 13.22 11/9399 2372
1791226919 13.08 12.99 13.21 16/9400 2375
1791226924 18.44 14.10 13.57 15/9400 2378
1791226929 17.69 14.02 13.55 14/9404 2395
1791226934 18.03 14.15 13.59 13/9400 2431
1791226939 17.15 14.03 13.56 12/9401 2434
1791226944 16.50 13.95 13.53 12/9400 2437
1791226949 16.13 13.91 13.52 12/9400 2440
1791226954 15.80 13.88 13.52 16/9400 2461
1791226959 25.75 15.98 14.20 18/9402 2498
1791226964 24.49 15.88 14.17 10/9400 2521
1791226969 23.89 15.90 14.19 158/9520 2643
1791226974 22.86 15.81 14.17 12/9520 2646
1791226979 22.39 15.83 14.19 15/9520 2649
1791226984 22.20 15.90 14.22 13/9520 2652
1791226989 21.22 15.81 14.19 11/9520 2655
1791226994 20.40 15.73 14.18 11/9522 2705
1791226999 19.89 15.70 14.18 18/9521 2708
1791227004 19.02 15.59 14.15 12/9517 2711
1791227009 19.09 15.66 14.18 15/9519 2714
1791227014 19.09 15.71 14.21 17/9518 2717
1791227019 18.92 15.74 14.22 19/9516 2720
1791227024 18.52 15.71 14.22 19/9516 2723
1791227029 18.08 15.66 14.21 18/9543 2726
1791227034 18.08 15.70 14.23 10/9509 2729
1791227039 17.99 15.72 14.25 11/9510 2732
1791227044 17.91 15.74 14.26 11/9509 2735
1791227049 17.12 15.62 14.23 10/9510 2738
1791227054 16.71 15.56 14.22 19/9510 2741
1791227059 16.33 15.50 14.21 15/9391 2922
