[2026-10-04T13:54:55Z] P55 p55-5090-2: e4b 2d677c095e347fef478e56062761babb3c0d45a4, model google/gemma-4-26B-A4B-it @ 4d7ae4984b7db7de8f8457170b3f1a419ee76d52
NVIDIA GeForce RTX 5090, 32607 MiB, 590.48.01
cpu: AMD Ryzen 9 7945HX with Radeon Graphics
kernel: 5.15.0-170-generic
MemTotal:       63481032 kB
MemAvailable:   61072376 kB
SwapTotal:       5396476 kB
cgroup_limit(/sys/fs/cgroup/memory.max): 62403903488
overcommit_memory: 0
overcommit_ratio: 50
max_map_count: 65530
ulimit:
  real-time non-blocking time  (microseconds, -R) unlimited
  core file size              (blocks, -c) unlimited
  data seg size               (kbytes, -d) unlimited
  scheduling priority                 (-e) 0
  file size                   (blocks, -f) unlimited
  pending signals                     (-i) 247167
  max locked memory           (kbytes, -l) 64
  max memory size             (kbytes, -m) unlimited
  open files                          (-n) 1024
  pipe size                (512 bytes, -p) 8
  POSIX message queues         (bytes, -q) 819200
  real-time priority                  (-r) 0
  stack size                  (kbytes, -s) 8192
  cpu time                   (seconds, -t) unlimited
  max user processes                  (-u) unlimited
  virtual memory              (kbytes, -v) unlimited
  file locks                          (-x) unlimited
[2026-10-04T13:54:55Z] memory: MemTotal 60.5 GiB, cgroup limit 62403903488 B -> effective 58.1 GiB
[2026-10-04T13:54:56Z] install e4b @2d677c095e347fef478e56062761babb3c0d45a4 (transformers 5.17.0, bitsandbytes 0.50.2; torch held at 2.8.0)
tripwire OK: e4b 0.45.0 @2d677c095e34 torch 2.8.0+cu128 transformers 5.17.0 huggingface_hub 1.33.0 bitsandbytes 0.50.2
[2026-10-04T13:55:13Z] fetch: google/gemma-4-26B-A4B-it @ 4d7ae4984b7db7de8f8457170b3f1a419ee76d52 (51.6 GB, Xet disabled, alarm 2432s)
[2026-10-04T14:06:47Z] fetch: done, 49G in the HF cache
[2026-10-04T14:06:47Z] arm A_baseline: starting (E4B_DUMMY=0)
[2026-10-04T14:07:17Z] arm A_baseline: rc=0  P55 A_baseline: OK
[2026-10-04T14:07:17Z] arm B_sync: starting (E4B_LOAD_SYNC_DEBUG=1 CUDA_LAUNCH_BLOCKING=1)
[2026-10-04T14:07:35Z] arm B_sync: rc=0  P55 B_sync: OK
[2026-10-04T14:07:35Z] arm C_headroom: starting (armed, with a 2 s MemAvailable trace)
[2026-10-04T14:07:35Z] arm C_headroom: starting (E4B_LOAD_SYNC_DEBUG=1 CUDA_LAUNCH_BLOCKING=1)
[2026-10-04T14:07:51Z] arm C_headroom: rc=0  P55 C_headroom: OK
[2026-10-04T14:07:51Z] C_headroom: MemAvailable min 53.2 GiB; cgroup usage max 52.4 GiB
=== P55 arms ===
  A_baseline   OK       
  B_sync       OK       
  C_headroom   OK       
[2026-10-04T14:07:51Z] class_drawn=1 (P1 gets a verdict only when 1)
[2026-10-04T14:07:51Z] ----- summary -----
[2026-10-04T14:07:51Z] TP_DONE rc=0
