Fetching 26 files:   0%|          | 0/26 [00:00<?, ?it/s]Fetching 26 files: 100%|██████████| 26/26 [00:00<00:00, 1672.96it/s]
[00:31:57]   checkpoint: mistralai/Mixtral-8x7B-Instruct-v0.1 @ eba92302a2861cdc0098cc54bc9f17cb2c47eb61 (requested eba92302a2861cdc0098cc54bc9f17cb2c47eb61)
[00:31:57]   fusing + quantizing experts (up to 32x8) to nf4 (streaming)...
[00:31:57]   quantized experts on 32/32 MoE layers (8 experts each)
[00:31:57]   loading non-expert weights (attention/embeddings/router/norms/dense-mlp)...
[00:31:58]   applied 32 transformers checkpoint-key renaming(s) (this checkpoint's layout differs from the module tree)
[00:31:58]   experts deferred to the arena: 32 module(s), 160 unmaterialized buffer(s) — call nvme_experts.enable_nvme_residency() before running this model
[00:32:04]   hybrid: 2 NUMA nodes — run under `numactl --interleave=all` until node-local allocation lands (see the Phase-2 metal receipt)
[00:32:35]   hybrid tier active on 32 module(s): vram/dram/nvme masses 1.00/0.00/0.00
[serve_paged] WARNING E4B_FUSE_T1_GLUE_R2=auto on model_type 'mixtral': no registered read. Explicit auto is structural; it is quality-licensed only on ['qwen3_5_moe', 'qwen3_5_moe_text', 'qwen3_moe'] (lane P115)
[serve_paged] fusions (q/k/v 0; folds set: ['E4B_FUSE_T1_GLUE_R2']): {'fuse_qkv_n': 0, 'fuse_t1_glue_n': 0, 'fuse_t1_glue_r2_n': [32, 32], 'fuse_router_epilogue_n': 0}
[serve_paged] PREFILL_GRAPH auto: refused, prefill stays eager (device grouping is off: host grouping syncs inside the forward (serve_paged turns it on with decode graphs at max_seqs > 1 on the all-vram placement))
[serve_paged] ready: {"moe_layers": 32, "experts": 8, "top_k": 2, "model_type": "mixtral", "int4_expert_layers": 0, "int4_store_kinds": [], "int4_attn_projections": 0, "kv": {"n_kv_heads": 8, "head_dim": 128, "k_groups": "auto", "scratch_slots": 0, "blocks_per_seq": 48, "pool_mib": 828.1}, "graph_status": null, "grouping": {"device_grouping": false, "force_singleton_groups": false}, "moe_residual": {"rows": [1, 2, 4, 8, 16], "licensed": 32, "partial": 0, "refused": 0, "probe_errors": []}, "prefill_graph": "auto", "levers_env": {"E4B_FUSE_T1_GLUE": "0", "E4B_FUSE_T1_GLUE_R2": "auto", "E4B_FUSE_ROUTER_EPI": "0"}, "exp_int4_layers_enabled": 0, "attn_int4_rtn_projections": 0, "attn_int4_calib_projections": 0, "fuse_qkv_n": 0, "fuse_t1_glue_n": 0, "fuse_t1_glue_r2_n": [32, 32], "fuse_router_epilogue_n": 0, "fusion_modes": {"E4B_PAGED_FUSE_QKV": "0", "E4B_FUSE_T1_GLUE": "0", "E4B_FUSE_T1_GLUE_R2": "auto", "E4B_FUSE_ROUTER_EPI": "0"}, "fusion_sources": {"E4B_PAGED_FUSE_QKV": "explicit", "E4B_FUSE_T1_GLUE": "explicit", "E4B_FUSE_T1_GLUE_R2": "explicit", "E4B_FUSE_ROUTER_EPI": "explicit"}, "fusion_report": {"E4B_FUSE_T1_GLUE": {"mode": "0"}, "E4B_FUSE_T1_GLUE_R2": {"mode": "auto", "patched": [32, 32], "kernel_gaps": 0}, "E4B_FUSE_ROUTER_EPI": {"mode": "0"}}, "pinned_cache_released": true, "host_heap_trimmed": true}
P115_QGROUP on wikitext group 1 of 1 done at 17 s, 27.43 GiB allocated
FAM_CELL ON_r2 wikitext|12|A done
P115_QGROUP on wikitext group 1 of 1 done at 16 s, 27.43 GiB allocated
FAM_CELL ON_r2 wikitext|12|B done
P115_QGROUP on wikitext group 1 of 1 done at 16 s, 27.43 GiB allocated
FAM_CELL ON_r2 wikitext|12|C done
P115_QGROUP on wikitext group 1 of 12 done at 7 s, 27.43 GiB allocated
P115_QGROUP on wikitext group 2 of 12 done at 14 s, 27.43 GiB allocated
P115_QGROUP on wikitext group 3 of 12 done at 21 s, 27.43 GiB allocated
P115_QGROUP on wikitext group 4 of 12 done at 27 s, 27.43 GiB allocated
P115_QGROUP on wikitext group 5 of 12 done at 34 s, 27.43 GiB allocated
P115_QGROUP on wikitext group 6 of 12 done at 41 s, 27.43 GiB allocated
P115_QGROUP on wikitext group 7 of 12 done at 48 s, 27.43 GiB allocated
P115_QGROUP on wikitext group 8 of 12 done at 54 s, 27.43 GiB allocated
P115_QGROUP on wikitext group 9 of 12 done at 61 s, 27.43 GiB allocated
P115_QGROUP on wikitext group 10 of 12 done at 68 s, 27.43 GiB allocated
P115_QGROUP on wikitext group 11 of 12 done at 75 s, 27.43 GiB allocated
P115_QGROUP on wikitext group 12 of 12 done at 81 s, 27.43 GiB allocated
FAM_CELL ON_r2 wikitext|1|A done
P115_QGROUP on wikitext group 1 of 12 done at 7 s, 27.43 GiB allocated
P115_QGROUP on wikitext group 2 of 12 done at 14 s, 27.43 GiB allocated
P115_QGROUP on wikitext group 3 of 12 done at 20 s, 27.43 GiB allocated
P115_QGROUP on wikitext group 4 of 12 done at 27 s, 27.43 GiB allocated
P115_QGROUP on wikitext group 5 of 12 done at 34 s, 27.43 GiB allocated
P115_QGROUP on wikitext group 6 of 12 done at 41 s, 27.43 GiB allocated
P115_QGROUP on wikitext group 7 of 12 done at 47 s, 27.43 GiB allocated
P115_QGROUP on wikitext group 8 of 12 done at 54 s, 27.43 GiB allocated
P115_QGROUP on wikitext group 9 of 12 done at 61 s, 27.43 GiB allocated
P115_QGROUP on wikitext group 10 of 12 done at 67 s, 27.43 GiB allocated
P115_QGROUP on wikitext group 11 of 12 done at 74 s, 27.43 GiB allocated
P115_QGROUP on wikitext group 12 of 12 done at 81 s, 27.43 GiB allocated
FAM_CELL ON_r2 wikitext|1|B done
P115_QGROUP on wikitext group 1 of 12 done at 7 s, 27.43 GiB allocated
P115_QGROUP on wikitext group 2 of 12 done at 13 s, 27.43 GiB allocated
P115_QGROUP on wikitext group 3 of 12 done at 20 s, 27.43 GiB allocated
P115_QGROUP on wikitext group 4 of 12 done at 27 s, 27.43 GiB allocated
P115_QGROUP on wikitext group 5 of 12 done at 33 s, 27.43 GiB allocated
P115_QGROUP on wikitext group 6 of 12 done at 40 s, 27.43 GiB allocated
P115_QGROUP on wikitext group 7 of 12 done at 47 s, 27.43 GiB allocated
P115_QGROUP on wikitext group 8 of 12 done at 54 s, 27.43 GiB allocated
P115_QGROUP on wikitext group 9 of 12 done at 61 s, 27.43 GiB allocated
P115_QGROUP on wikitext group 10 of 12 done at 67 s, 27.43 GiB allocated
P115_QGROUP on wikitext group 11 of 12 done at 74 s, 27.43 GiB allocated
P115_QGROUP on wikitext group 12 of 12 done at 81 s, 27.43 GiB allocated
FAM_CELL ON_r2 wikitext|1|C done
P115_QGROUP on c4val1 group 1 of 1 done at 16 s, 27.43 GiB allocated
FAM_CELL ON_r2 c4val1|12|A done
P115_QGROUP on c4val1 group 1 of 1 done at 16 s, 27.43 GiB allocated
FAM_CELL ON_r2 c4val1|12|B done
P115_QGROUP on c4val1 group 1 of 1 done at 16 s, 27.43 GiB allocated
FAM_CELL ON_r2 c4val1|12|C done
P115_QGROUP on c4val1 group 1 of 12 done at 7 s, 27.43 GiB allocated
P115_QGROUP on c4val1 group 2 of 12 done at 14 s, 27.43 GiB allocated
P115_QGROUP on c4val1 group 3 of 12 done at 20 s, 27.43 GiB allocated
P115_QGROUP on c4val1 group 4 of 12 done at 27 s, 27.43 GiB allocated
P115_QGROUP on c4val1 group 5 of 12 done at 34 s, 27.43 GiB allocated
P115_QGROUP on c4val1 group 6 of 12 done at 41 s, 27.43 GiB allocated
P115_QGROUP on c4val1 group 7 of 12 done at 48 s, 27.43 GiB allocated
P115_QGROUP on c4val1 group 8 of 12 done at 55 s, 27.43 GiB allocated
P115_QGROUP on c4val1 group 9 of 12 done at 62 s, 27.43 GiB allocated
P115_QGROUP on c4val1 group 10 of 12 done at 70 s, 27.43 GiB allocated
P115_QGROUP on c4val1 group 11 of 12 done at 77 s, 27.43 GiB allocated
P115_QGROUP on c4val1 group 12 of 12 done at 84 s, 27.43 GiB allocated
FAM_CELL ON_r2 c4val1|1|A done
P115_QGROUP on c4val1 group 1 of 12 done at 7 s, 27.43 GiB allocated
P115_QGROUP on c4val1 group 2 of 12 done at 14 s, 27.43 GiB allocated
P115_QGROUP on c4val1 group 3 of 12 done at 21 s, 27.43 GiB allocated
P115_QGROUP on c4val1 group 4 of 12 done at 28 s, 27.43 GiB allocated
P115_QGROUP on c4val1 group 5 of 12 done at 35 s, 27.43 GiB allocated
P115_QGROUP on c4val1 group 6 of 12 done at 42 s, 27.43 GiB allocated
P115_QGROUP on c4val1 group 7 of 12 done at 48 s, 27.43 GiB allocated
P115_QGROUP on c4val1 group 8 of 12 done at 55 s, 27.43 GiB allocated
P115_QGROUP on c4val1 group 9 of 12 done at 62 s, 27.43 GiB allocated
P115_QGROUP on c4val1 group 10 of 12 done at 68 s, 27.43 GiB allocated
P115_QGROUP on c4val1 group 11 of 12 done at 75 s, 27.43 GiB allocated
P115_QGROUP on c4val1 group 12 of 12 done at 82 s, 27.43 GiB allocated
FAM_CELL ON_r2 c4val1|1|B done
P115_QGROUP on c4val1 group 1 of 12 done at 7 s, 27.43 GiB allocated
P115_QGROUP on c4val1 group 2 of 12 done at 13 s, 27.43 GiB allocated
P115_QGROUP on c4val1 group 3 of 12 done at 20 s, 27.43 GiB allocated
P115_QGROUP on c4val1 group 4 of 12 done at 27 s, 27.43 GiB allocated
P115_QGROUP on c4val1 group 5 of 12 done at 33 s, 27.43 GiB allocated
P115_QGROUP on c4val1 group 6 of 12 done at 40 s, 27.43 GiB allocated
P115_QGROUP on c4val1 group 7 of 12 done at 47 s, 27.43 GiB allocated
P115_QGROUP on c4val1 group 8 of 12 done at 54 s, 27.43 GiB allocated
P115_QGROUP on c4val1 group 9 of 12 done at 60 s, 27.43 GiB allocated
P115_QGROUP on c4val1 group 10 of 12 done at 67 s, 27.43 GiB allocated
P115_QGROUP on c4val1 group 11 of 12 done at 74 s, 27.43 GiB allocated
P115_QGROUP on c4val1 group 12 of 12 done at 81 s, 27.43 GiB allocated
FAM_CELL ON_r2 c4val1|1|C done
FAM_BOX ON_r2/default census={'fuse_qkv_n': 0, 'fuse_t1_glue_n': 0, 'fuse_t1_glue_r2_n': [32, 32], 'fuse_router_epilogue_n': 0} store=[] cells=12 mem=28.19 GB 586.0 s
