{
 "gpu": "NVIDIA GeForce RTX 5090",
 "flops": {
  "tflops": {
   "median": 186.64,
   "min": 186.03,
   "max": 186.77,
   "spread": 1.004
  },
  "ms_per_gemm": {
   "median": 0.7364,
   "min": 0.7359,
   "max": 0.7388,
   "spread": 1.0039
  }
 },
 "launch": {
  "launches_per_s": {
   "median": 194096,
   "min": 192010,
   "max": 194769,
   "spread": 1.0144
  },
  "us_per_launch": {
   "median": 5.152,
   "min": 5.134,
   "max": 5.208,
   "spread": 1.0144
  }
 },
 "h2d": {
  "h2d_gb_s": {
   "median": 24.76,
   "min": 24.61,
   "max": 25.4,
   "spread": 1.0321
  }
 }
}
