[2026-10-04T13:32:52Z] P55 p55-5090-1: e4b 66ebfd46a8e1c5be96136e2a3e7e1ddb3cfdbd1a, model google/gemma-4-26B-A4B-it @ 4d7ae4984b7db7de8f8457170b3f1a419ee76d52
cpu: AMD Ryzen 7 9700X 8-Core Processor
kernel: 7.0.0-31-generic
MemTotal:       65439112 kB
MemAvailable:   60893980 kB
SwapTotal:       8388604 kB
cgroup_limit(/sys/fs/cgroup/memory.max): 64328040448
overcommit_memory: 0
overcommit_ratio: 50
max_map_count: 1048576
ulimit:
  real-time non-blocking time  (microseconds, -R) unlimited
  core file size              (blocks, -c) unlimited
  data seg size               (kbytes, -d) unlimited
  scheduling priority                 (-e) 0
  file size                   (blocks, -f) unlimited
  pending signals                     (-i) 235338
  max locked memory           (kbytes, -l) 8192
  max memory size             (kbytes, -m) unlimited
  open files                          (-n) 1024
  pipe size                (512 bytes, -p) 8
  POSIX message queues         (bytes, -q) 819200
  real-time priority                  (-r) 0
  stack size                  (kbytes, -s) 8192
  cpu time                   (seconds, -t) unlimited
  max user processes                  (-u) unlimited
  virtual memory              (kbytes, -v) unlimited
  file locks                          (-x) unlimited
[2026-10-04T13:32:52Z] memory: MemTotal 62.4 GiB, cgroup limit 64328040448 B -> effective 59.9 GiB
WARNING: Running pip as the 'root' user can result in broken permissions and conflicting behaviour with the system package manager, possibly rendering your system unusable. It is recommended to use a virtual environment instead: https://pip.pypa.io/warnings/venv. Use the --root-user-action option if you know what you are doing and want to suppress this warning.
e4b 0.45.0 torch 2.8.0+cu128
[2026-10-04T13:33:04Z] fetch: google/gemma-4-26B-A4B-it @ 4d7ae4984b7db7de8f8457170b3f1a419ee76d52 (51.6 GB, Xet disabled, alarm 2480s)
Traceback (most recent call last):
  File "<string>", line 1, in <module>
ModuleNotFoundError: No module named 'huggingface_hub'
[2026-10-04T13:33:04Z] DL FAIL -- harness fault (STOP-2): no verdict
[2026-10-04T13:33:04Z] TP_DONE rc=11
