host RAM available: 51.8 GB
instantiating ALL 93 layers on meta ...
Current Python version 3.10 is below the recommended 3.11 version. It is recommended to upgrade to Python 3.11 or higher for the best experience.
Ignoring the provided attention implementation eager
Using flash_attention_2 backend instead.
attn -> eager on 82899 module configs
layer census: {'Delta+dense': 1, 'Delta+moe': 68, 'MLA+moe': 24}
DenseDiskSource('/workspace/k3-dense', 2628 tensors, 114.4 GB, direct=True)
tensors: 249925 total, 247296 expert, 2629 dense
materialized in 6s: 1251 placeholders, 1377 real (69 narrowed by the shape gate), 1 absent
  NOT IN CHECKPOINT (1, all vision_tower, left on meta -- the vision tower is NOT exercised by this forward): ['vision_tower.patch_embed.pos_emb.time_weight']
host RAM available after materialize: 41.3 GB
dense policy: 0 layer(s) PINNED in host RAM (0.0 GB locked), 93 served from disk
  dense offload: 93 layers, 1251 tensors, 108.76 GB served from disk (0 resident) (1169 MB/layer)
dense offload: {"layers": 93, "tensors": 1251, "host_bytes": 0, "disk_bytes": 108758630400, "verified_bit_exact": 0, "per_layer_bytes": 1169447638, "host_resident_layers": 0, "all_pinned": true, "staged_now": 0, "seconds_per_token_at_19GBs": 0.0, "disk_bytes_per_token": 108758630400}
  gate: 1251 homes, 108.76 GB from disk + 0.00 GB pinned
host RAM available after evict: 41.2 GB
92 MoE engines in 10s, sharing SlotStore(k=16, row_bytes=17547264, 281 MB, users=92, claims=92)
  slots: 0.281 GB shared, vs 25.8 GB if each had its own
VRAM after setup: 1.23 GB
contract: k_slots==top_k==16; 69 KDA layers carry A_log(96,) + dt_bias(12288,) -- the shape gate's 69 narrows, verified

prompt 'The capital city of France is' -> 6 tokens [1008, 10484, 5243, 318, 15383, 387]
prefill 6 tokens in 178.3s   cache seq_len 6   counters {"disk_reads": 6130, "claims": 92, "dense_reads": 1251, "dense_bytes": 108763639808}
  token 1/4: ' Paris' (p=71.20%) -- free from prefill
  token 2/4: '.' (p=16.52%)  93.5s  expert_rows 1467  dense 108.8 GB  claims 92
  token 3/4: ' It' (p=28.24%)  92.3s  expert_rows 1466  dense 108.8 GB  claims 92
  token 4/4: ' is' (p=86.91%)  93.6s  expert_rows 1468  dense 108.8 GB  claims 92

==================================================================
GENERATED: ' Paris. It is'
==================================================================
  ids [17374, 13, 1344, 387]
  decode step: median 93.5s, 108.8 GB dense + 1467 expert rows each

verifying cache: fresh prefill of all 9 tokens (no cache) vs the cached path's last step ...
  cos 0.999546   rel 1.862e-02   argmax agrees: True
  *** CACHE PATH DISAGREES WITH A FRESH PREFILL -- the cached generation is not trustworthy ***

  VRAM peak 4.07 GB
  dense policy: 0.00 GB pinned + 108.76 GB disk
  host RAM available: 38.7 GB
  total wall 837s
  saved -> /workspace/k3_gen_pin0.json
