/opt/conda/lib/python3.11/site-packages/torch/autograd/graph.py:829: UserWarning: Attempting to run cuBLAS, but there was no current CUDA context! Attempting to set the primary context... (Triggered internally at /pytorch/aten/src/ATen/cuda/CublasHandlePool.cpp:179.)
  return Variable._execution_engine.run_backward(  # Calls into the C++ engine to run the backward pass
/root/tc1/dq1_census.py:103: UserWarning: Converting a tensor with requires_grad=True to a scalar may lead to unexpected behavior.
Consider using tensor.detach() first. (Triggered internally at /pytorch/torch/csrc/autograd/generated/python_variable_methods.cpp:835.)
  return float((a.float() - ref).norm() / ref.norm())
cell q_proj M=512 11.8s
cell q_proj M=1024 9.8s
cell q_proj M=2048 10.4s
cell q_proj M=4096 10.7s
cell q_proj M=8192 11.1s
cell kv_proj M=512 8.3s
cell kv_proj M=1024 8.3s
cell kv_proj M=2048 8.4s
cell kv_proj M=4096 8.6s
cell kv_proj M=8192 9.7s
cell o_proj M=512 9.1s
cell o_proj M=1024 9.7s
cell o_proj M=2048 10.4s
cell o_proj M=4096 10.8s
cell o_proj M=8192 11.0s
cell gate_up_proj M=512 10.4s
cell gate_up_proj M=1024 10.9s
cell gate_up_proj M=2048 11.0s
cell gate_up_proj M=4096 11.5s
cell gate_up_proj M=8192 11.6s
cell down_proj M=512 10.3s
cell down_proj M=1024 10.8s
cell down_proj M=2048 11.0s
cell down_proj M=4096 11.5s
cell down_proj M=8192 11.8s
h2d M=1024 done
h2d M=2048 done
h2d M=4096 done
DQ1 census done receipts/dq1_census.json
