NVIDIA GeForce RTX 5090, 32607 MiB, 570.133.07, GPU-bf794fe1-3981-0e61-ad54-97f99d7040e5
power.limit,power.max_limit,clocks.max.sm,clocks.max.mem,pcie.gen.max,pcie.width.max 500.00 W, 600.00 W, 3105 MHz, 14001 MHz, 4, 16
Model name:                           AMD EPYC 7B12 64-Core Processor
               total        used        free      shared  buff/cache   available
Mem:             503           8         260           0         234         491
card NVIDIA GeForce RTX 5090, rehearsal=0
power.draw readable: 6.81 W at rest
[2026-10-05T19:49:30Z] p114: install e4b @726aed43589bdfb6cce37080429b45977eb7d9e4 + bitsandbytes 0.50.2, the image's torch held by a constraint
experts4bit-qlora 0.48.0 726aed43589bdfb6cce37080429b45977eb7d9e4
bitsandbytes 0.50.2
torch 2.8.0+cu128 cuda 12.8
gpu NVIDIA GeForce RTX 5090
driver,power.limit 570.133.07, 500.00 W
[2026-10-05T19:49:57Z] p114: correctness: the dequant and matmul_4bit arms compute the same projection; every arm and the Part B layer run
Part B layer, batch 64: output finite and non-zero = True
P114 gate: PASS
  ok  a stable reading reads: READ (want READ)
  ok  a drifting train cell is NOISY: NOISY (want NOISY)
  ok  the wrong card is VOID: VOID (want VOID)
  ok  an ERROR row is VOID: VOID (want VOID)
  ok  a NaN cell is VOID: VOID (want VOID)
  ok  a foreign process during a pass is VOID: VOID (want VOID)
  ok  a compute process before a pass is VOID: VOID (want VOID)
  ok  the wrong bitsandbytes is VOID: VOID (want VOID)
  ok  two passes are VOID, not a crash: VOID (want VOID)
  ok  a 4-bit saving reads, whatever its sign: READ (want READ)
P114 rule self-test: 10/10 cases; the parsers read the harnesses' print formats
pass proj_1 rc=0: 13 table lines
pass proj_2 rc=0: 13 table lines
pass proj_3 rc=0: 13 table lines
pass excl_1 rc=0: 6 table lines
pass excl_2 rc=0: 6 table lines
pass excl_3 rc=0: 6 table lines
[2026-10-05T20:01:42Z] p114: reduce
P114 matmul_4bit / native J/op (median of 3): decode 1.748, prefill 1.601, train 1.965
P114 dequant / native J/op (median of 3): decode 3.293, prefill 1.539, train 1.405
P114 Part B J/token vs batch 64 (median of 3): 64 1.000, 256 0.322, 1024 0.100, 4096 0.063
P114 spreads: matmul_4bit decode 0.006, matmul_4bit prefill 0.013, matmul_4bit train 0.005, dequant decode 0.047, dequant prefill 0.017, dequant train 0.007, partb 64 0.000, partb 256 0.013, partb 1024 0.012, partb 4096 0.010
P114_VERDICT READ on NVIDIA GeForce RTX 5090
[2026-10-05T20:01:42Z] p114: ----- summary -----
card NVIDIA GeForce RTX 5090, rehearsal=0
power.draw readable: 6.81 W at rest
experts4bit-qlora 0.48.0 726aed43589bdfb6cce37080429b45977eb7d9e4
bitsandbytes 0.50.2
torch 2.8.0+cu128 cuda 12.8
gpu NVIDIA GeForce RTX 5090
driver,power.limit 570.133.07, 500.00 W
Part B layer, batch 64: output finite and non-zero = True
P114 gate: PASS
  ok  a stable reading reads: READ (want READ)
  ok  a drifting train cell is NOISY: NOISY (want NOISY)
  ok  the wrong card is VOID: VOID (want VOID)
  ok  an ERROR row is VOID: VOID (want VOID)
  ok  a NaN cell is VOID: VOID (want VOID)
  ok  a foreign process during a pass is VOID: VOID (want VOID)
  ok  a compute process before a pass is VOID: VOID (want VOID)
  ok  the wrong bitsandbytes is VOID: VOID (want VOID)
  ok  two passes are VOID, not a crash: VOID (want VOID)
  ok  a 4-bit saving reads, whatever its sign: READ (want READ)
P114 rule self-test: 10/10 cases; the parsers read the harnesses' print formats
pass proj_1 rc=0: 13 table lines
pass proj_2 rc=0: 13 table lines
pass proj_3 rc=0: 13 table lines
pass excl_1 rc=0: 6 table lines
pass excl_2 rc=0: 6 table lines
pass excl_3 rc=0: 6 table lines
P114 matmul_4bit / native J/op (median of 3): decode 1.748, prefill 1.601, train 1.965
P114 dequant / native J/op (median of 3): decode 3.293, prefill 1.539, train 1.405
P114 Part B J/token vs batch 64 (median of 3): 64 1.000, 256 0.322, 1024 0.100, 4096 0.063
P114 spreads: matmul_4bit decode 0.006, matmul_4bit prefill 0.013, matmul_4bit train 0.005, dequant decode 0.047, dequant prefill 0.017, dequant train 0.007, partb 64 0.000, partb 256 0.013, partb 1024 0.012, partb 4096 0.010
P114_VERDICT READ on NVIDIA GeForce RTX 5090
[2026-10-05T20:01:42Z] p114: TP_DONE rc=0
