[transformers] `causal_conv1d_fn` is falling back to its reference PyTorch implementation because `causal_conv1d` is not installed. This is correct but much slower; install `causal_conv1d` for the optimized kernel.
[transformers] `causal_conv1d_update` is falling back to its reference PyTorch implementation because `causal_conv1d` is not installed. This is correct but much slower; install `causal_conv1d` for the optimized kernel.
unpadded-eager agreement: 41 / 41
.......dense seed 0: control worst 2.941e-02 argmax agree 21/21 | hybrid worst 2.072e-02 argmax agree 21/21 | ratio 0.70
dense seed 1: control worst 3.125e-02 argmax agree 20/21 | hybrid worst 3.125e-02 argmax agree 20/21 | ratio 1.00
dense seed 2: control worst 2.924e-02 argmax agree 21/21 | hybrid worst 3.324e-02 argmax agree 20/21 | ratio 1.14
dense seed 3: control worst 2.347e-02 argmax agree 21/21 | hybrid worst 2.630e-02 argmax agree 21/21 | ratio 1.12
dense seed 4: control worst 2.454e-02 argmax agree 19/21 | hybrid worst 2.637e-02 argmax agree 21/21 | ratio 1.07
dense seed 5: control worst 2.160e-02 argmax agree 21/21 | hybrid worst 2.895e-02 argmax agree 21/21 | ratio 1.34
dense seed 6: control worst 2.967e-02 argmax agree 21/21 | hybrid worst 2.529e-02 argmax agree 21/21 | ratio 0.85
dense seed 7: control worst 4.050e-02 argmax agree 21/21 | hybrid worst 2.454e-02 argmax agree 21/21 | ratio 0.61
.dense seed 0: control worst 2.744e-02 argmax agree 21/21 | hybrid worst 2.259e-02 argmax agree 21/21 | ratio 0.82
dense seed 1: control worst 2.761e-02 argmax agree 20/21 | hybrid worst 3.165e-02 argmax agree 20/21 | ratio 1.15
dense seed 2: control worst 2.899e-02 argmax agree 21/21 | hybrid worst 3.613e-02 argmax agree 20/21 | ratio 1.25
dense seed 3: control worst 2.622e-02 argmax agree 21/21 | hybrid worst 2.410e-02 argmax agree 21/21 | ratio 0.92
dense seed 4: control worst 2.649e-02 argmax agree 19/21 | hybrid worst 2.676e-02 argmax agree 21/21 | ratio 1.01
dense seed 5: control worst 2.376e-02 argmax agree 21/21 | hybrid worst 3.076e-02 argmax agree 21/21 | ratio 1.29
dense seed 6: control worst 3.358e-02 argmax agree 21/21 | hybrid worst 2.529e-02 argmax agree 21/21 | ratio 0.75
dense seed 7: control worst 3.378e-02 argmax agree 21/21 | hybrid worst 2.531e-02 argmax agree 21/21 | ratio 0.75
.
9 passed in 27.87s
