Fetching 11 files:   0%|          | 0/11 [00:00<?, ?it/s]Fetching 11 files: 100%|██████████| 11/11 [00:00<00:00, 3731.59it/s]
[19:00:43]   checkpoint: ibm-granite/granite-3.1-3b-a800m-instruct @ a02780686e08a03fe0d2679a293b5c74a90efa89 (requested a02780686e08a03fe0d2679a293b5c74a90efa89)
[19:00:43]   fusing + quantizing experts (up to 32x40) to nf4 (streaming)...
[19:00:43]   quantized experts on 32/32 MoE layers (40 experts each)
[19:00:43]   loading non-expert weights (attention/embeddings/router/norms/dense-mlp)...
[19:00:43]   experts deferred to the arena: 32 module(s), 160 unmaterialized buffer(s) — call nvme_experts.enable_nvme_residency() before running this model
[19:00:44]   hybrid tier active on 32 module(s): vram/dram/nvme masses 1.00/0.00/0.00
[serve_paged] fusions (q/k/v 0; folds set: none): {'fuse_qkv_n': 0, 'fuse_t1_glue_n': 0, 'fuse_t1_glue_r2_n': [0, 0], 'fuse_router_epilogue_n': 0}
[serve_paged] PREFILL_GRAPH auto: refused, prefill stays eager (device grouping is off: host grouping syncs inside the forward (serve_paged turns it on with decode graphs at max_seqs > 1 on the all-vram placement))
[serve_paged] ready: {"moe_layers": 32, "experts": 40, "top_k": 8, "model_type": "granitemoe", "int4_expert_layers": 0, "int4_store_kinds": [], "int4_attn_projections": 0, "kv": {"n_kv_heads": 8, "head_dim": 64, "k_groups": "auto", "scratch_slots": 0, "blocks_per_seq": 256, "pool_mib": 2368.5}, "graph_status": null, "grouping": {"device_grouping": false, "force_singleton_groups": false}, "prefill_graph": "auto", "levers_env": {"E4B_FUSE_T1_GLUE": "0", "E4B_FUSE_T1_GLUE_R2": "0", "E4B_FUSE_ROUTER_EPI": "0"}, "exp_int4_layers_enabled": 0, "attn_int4_rtn_projections": 0, "attn_int4_calib_projections": 0, "fuse_qkv_n": 0, "fuse_t1_glue_n": 0, "fuse_t1_glue_r2_n": [0, 0], "fuse_router_epilogue_n": 0, "fusion_modes": {"E4B_PAGED_FUSE_QKV": "0", "E4B_FUSE_T1_GLUE": "0", "E4B_FUSE_T1_GLUE_R2": "0", "E4B_FUSE_ROUTER_EPI": "0"}, "fusion_report": {"E4B_FUSE_T1_GLUE": {"mode": "0"}, "E4B_FUSE_T1_GLUE_R2": {"mode": "0"}, "E4B_FUSE_ROUTER_EPI": {"mode": "0"}}, "pinned_cache_released": true, "host_heap_trimmed": true}
P115_QGROUP off wikitext group 1 of 12 done at 2 s, 4.42 GiB allocated
P115_QGROUP off wikitext group 2 of 12 done at 3 s, 4.42 GiB allocated
P115_QGROUP off wikitext group 3 of 12 done at 4 s, 4.42 GiB allocated
P115_QGROUP off wikitext group 4 of 12 done at 4 s, 4.42 GiB allocated
P115_QGROUP off wikitext group 5 of 12 done at 5 s, 4.42 GiB allocated
P115_QGROUP off wikitext group 6 of 12 done at 6 s, 4.42 GiB allocated
P115_QGROUP off wikitext group 7 of 12 done at 6 s, 4.42 GiB allocated
P115_QGROUP off wikitext group 8 of 12 done at 7 s, 4.42 GiB allocated
P115_QGROUP off wikitext group 9 of 12 done at 8 s, 4.42 GiB allocated
P115_QGROUP off wikitext group 10 of 12 done at 9 s, 4.42 GiB allocated
P115_QGROUP off wikitext group 11 of 12 done at 9 s, 4.42 GiB allocated
P115_QGROUP off wikitext group 12 of 12 done at 10 s, 4.42 GiB allocated
P115D_SANE D0 windows={'wikitext': 12} census={'fuse_qkv_n': 0, 'fuse_t1_glue_n': 0, 'fuse_t1_glue_r2_n': [0, 0], 'fuse_router_epilogue_n': 0} dispatch={'dotpad': 0, 'dotpad_splitk': 0, 'scalar': 23808, 'scalar_splitk': 0, 'bw_tree': 0, 'bw_prmt32': 0, 'bw_splitk': 0} 10.1 s
