GEN HOOK: lanes attached after enable_hybrid_tier in ['experts4bit_qlora.engines.hybrid']
Fetching 23 files:   0%|          | 0/23 [00:00<?, ?it/s]Fetching 23 files: 100%|██████████| 23/23 [00:00<00:00, 1759.71it/s]
[04:24:14]   fusing + quantizing experts (up to 48x128) to nf4 (streaming)...
[04:24:14]   quantized experts on 48/48 MoE layers (128 experts each)
[04:24:14]   loading non-expert weights (attention/embeddings/router/norms/dense-mlp)...
[04:24:16]   experts deferred to the arena: 48 module(s), 240 unmaterialized buffer(s) — call nvme_experts.enable_nvme_residency() before running this model
[04:24:36]   hybrid tier active on 48 module(s): vram/dram/nvme masses 1.00/0.00/0.00
Fetching 22 files:   0%|          | 0/22 [00:00<?, ?it/s]Fetching 22 files: 100%|██████████| 22/22 [00:00<00:00, 1660.51it/s]
[transformers] Token indices sequence length is longer than the specified maximum sequence length for this model (1307564 > 131072). Running this sequence through the model will result in indexing errors
INT4EXP calibrating (streamed): 8 batches of c4 budget GB 24
INT4EXP calibrated experts: 2282 gptq / 278 rtn (min_rows=32) over 10 layers
INT4EXP calibrated experts: 2254 gptq / 306 rtn (min_rows=32) over 10 layers
INT4EXP calibrated experts: 2260 gptq / 300 rtn (min_rows=32) over 10 layers
INT4EXP calibrated experts: 2190 gptq / 370 rtn (min_rows=32) over 10 layers
INT4EXP calibrated experts: 1834 gptq / 214 rtn (min_rows=32) over 8 layers
INT4EXP calibrated streaming: 48 layers in 5 passes of <= 10 layer(s)
INT4EXP enabled: 48 layers (model_type=qwen3_moe)
[transformers] Token indices sequence length is longer than the specified maximum sequence length for this model (1307564 > 131072). Running this sequence through the model will result in indexing errors
ATTNINT4 calibrated: 192 projections (attn=1 head=0 dense=0; hessians from 8 batches of c4; model_type=qwen3_moe)
[transformers] Token indices sequence length is longer than the specified maximum sequence length for this model (298938 > 131072). Running this sequence through the model will result in indexing errors
BV3_GRAPH batch=16 steps=70 step=11.95ms agg=1338.8tok/s recompiles=0 out=/root/bo7/qwen3_b16_calibexp_all.json
