{
 "gpu": "NVIDIA GeForce RTX 5090",
 "flops": {
  "tflops": {
   "median": 181.35,
   "min": 181.27,
   "max": 181.98,
   "spread": 1.0039
  },
  "ms_per_gemm": {
   "median": 0.7579,
   "min": 0.7552,
   "max": 0.7582,
   "spread": 1.004
  }
 },
 "launch": {
  "launches_per_s": {
   "median": 243606,
   "min": 243295,
   "max": 243778,
   "spread": 1.002
  },
  "us_per_launch": {
   "median": 4.105,
   "min": 4.102,
   "max": 4.11,
   "spread": 1.002
  }
 },
 "h2d": {
  "h2d_gb_s": {
   "median": 45.7,
   "min": 45.43,
   "max": 45.73,
   "spread": 1.0066
  }
 }
}
