[ladder] prewarmed 12.9 GiB in 4s
[20:26:43]   checkpoint: local directory /root/.cache/huggingface/hub/models--ibm-granite--granite-4.0-h-tiny/snapshots/791e0d3d28c86e106c9b6e0b4cecdee0375b6124
[20:26:43]   fusing + quantizing experts (up to 40x64) to nf4 (streaming)...
[20:26:46]   quantized experts on 40/40 MoE layers (64 experts each)
[20:26:46]   loading non-expert weights (attention/embeddings/router/norms/dense-mlp)...
[e4b.fast] fused TRAINING path on 40 ExpertsLoRA module(s) (dgrad kernel backward)
[e4b.rope] fused rotary in 1 attention module(s)
[e4b.rmsnorm] fused 81 frozen RMSNorm(s) for training [81 w*round(norm)] (0 left on the composite)
[ladder] step 0 25.464s loss 1.4496
[ladder] step 1 0.242s loss 1.8538
[ladder] step 2 0.409s loss 1.5831
[ladder] step 3 0.240s loss 1.7606
[ladder] step 4 0.240s loss 1.6334
[ladder] step 5 0.240s loss 1.5876
[ladder] step 6 0.242s loss 1.7352
[ladder] step 7 0.241s loss 2.1584
[ladder] step 8 0.240s loss 1.7768
[ladder] step 9 0.239s loss 1.8703
[ladder] step 10 0.241s loss 1.6312
[ladder] fused: 0.240 s/step, 2131.3 tok/s, peak 6.94 GB, syncs 82
[e4b.fast] fused TRAINING path on 40 ExpertsLoRA module(s) (dgrad kernel backward)
[ladder] step 0 0.383s loss 1.4498
[ladder] step 1 0.343s loss 1.8517
[ladder] step 2 0.346s loss 1.5845
[ladder] step 3 0.345s loss 1.7667
[ladder] step 4 0.341s loss 1.6234
[ladder] step 5 0.342s loss 1.5940
[ladder] step 6 0.345s loss 1.7336
[ladder] step 7 0.344s loss 2.1573
[ladder] step 8 0.346s loss 1.7699
[ladder] step 9 0.348s loss 1.8729
[ladder] step 10 0.747s loss 1.6307
[ladder] fused_pre: 0.345 s/step, 1483.6 tok/s, peak 6.94 GB, syncs 920
[e4b.fast] fused TRAINING path on 40 ExpertsLoRA module(s) (dgrad kernel backward)
[e4b.rope] fused rotary in 1 attention module(s)
[e4b.rmsnorm] fused 81 frozen RMSNorm(s) for training [81 w*round(norm)] (0 left on the composite)
[e4b.moe_keep] MoE activations kept in 40 layer(s); 80 non-MoE child(ren) still checkpointed
[ladder] step 0 0.227s loss 1.4496
[ladder] step 1 0.214s loss 1.8562
[ladder] step 2 0.215s loss 1.5797
[ladder] step 3 0.213s loss 1.7630
[ladder] step 4 0.216s loss 1.6288
[ladder] step 5 0.214s loss 1.5828
[ladder] step 6 0.214s loss 1.7405
[ladder] step 7 0.216s loss 2.1661
[ladder] step 8 0.213s loss 1.7804
[ladder] step 9 0.213s loss 1.8727
[ladder] step 10 0.213s loss 1.6280
[ladder] keep: 0.213 s/step, 2398.2 tok/s, peak 8.26 GB, syncs 41
[e4b.fast] fused TRAINING path on 40 ExpertsLoRA module(s) (dgrad kernel backward)
[e4b.rope] fused rotary in 1 attention module(s)
[e4b.rmsnorm] fused 81 frozen RMSNorm(s) for training [81 w*round(norm)] (0 left on the composite)
[e4b.moe_keep] MoE activations kept in 40 layer(s); 80 non-MoE child(ren) still checkpointed
[ladder] step 0 0.225s loss 1.4496
[ladder] step 1 0.214s loss 1.8442
[ladder] step 2 0.212s loss 1.5836
[ladder] step 3 0.712s loss 1.7594
[ladder] step 4 0.213s loss 1.6278
[ladder] step 5 0.212s loss 1.5932
[ladder] step 6 0.214s loss 1.7326
[ladder] step 7 0.211s loss 2.1575
[ladder] step 8 0.212s loss 1.7782
[ladder] step 9 0.212s loss 1.8727
[ladder] step 10 0.212s loss 1.6261
[ladder] keep#2: 0.212 s/step, 2411.0 tok/s, peak 8.26 GB, syncs 41
[e4b.fast] fused TRAINING path on 40 ExpertsLoRA module(s) (dgrad kernel backward)
[ladder] step 0 0.348s loss 1.4498
[ladder] step 1 0.342s loss 1.8407
[ladder] step 2 0.347s loss 1.5809
[ladder] step 3 0.821s loss 1.7638
[ladder] step 4 0.342s loss 1.6336
[ladder] step 5 0.341s loss 1.5916
[ladder] step 6 0.346s loss 1.7383
[ladder] step 7 0.351s loss 2.1640
[ladder] step 8 0.347s loss 1.7740
[ladder] step 9 0.344s loss 1.8708
[ladder] step 10 0.341s loss 1.6305
[ladder] fused_pre#2: 0.345 s/step, 1484.4 tok/s, peak 6.94 GB, syncs 920
[e4b.fast] fused TRAINING path on 40 ExpertsLoRA module(s) (dgrad kernel backward)
[e4b.rope] fused rotary in 1 attention module(s)
[e4b.rmsnorm] fused 81 frozen RMSNorm(s) for training [81 w*round(norm)] (0 left on the composite)
[ladder] step 0 0.272s loss 1.4496
[ladder] step 1 0.266s loss 1.8494
[ladder] step 2 0.264s loss 1.5891
[ladder] step 3 0.266s loss 1.7629
[ladder] step 4 0.269s loss 1.6301
[ladder] step 5 0.266s loss 1.5887
[ladder] step 6 0.265s loss 1.7390
[ladder] step 7 0.267s loss 2.1550
[ladder] step 8 0.266s loss 1.7800
[ladder] step 9 0.265s loss 1.8717
[ladder] step 10 0.264s loss 1.6350
[ladder] fused#2: 0.266 s/step, 1926.1 tok/s, peak 6.94 GB, syncs 81
[ladder] SUMMARY fused: {'s_per_step_mean': 0.253, 'readings': [0.2402, 0.2658], 'spread': 0.107, 'peak_alloc_gb': 6.94, 'syncs_one_step': 82, 'device_busy_frac': [0.427, 0.439], 'device_s_mean': 0.1357, 'ratio_to_fused': 1.0, 'device_ratio_to_fused': 1.0}
[ladder] SUMMARY fused_pre: {'s_per_step_mean': 0.345, 'readings': [0.3451, 0.3449], 'spread': 0.001, 'peak_alloc_gb': 6.94, 'syncs_one_step': 920, 'device_busy_frac': [0.435, 0.438], 'device_s_mean': 0.1729, 'ratio_to_fused': 1.364, 'device_ratio_to_fused': 1.274}
[ladder] SUMMARY keep: {'s_per_step_mean': 0.213, 'readings': [0.2135, 0.2124], 'spread': 0.005, 'peak_alloc_gb': 8.264, 'syncs_one_step': 41, 'device_busy_frac': [0.433, 0.436], 'device_s_mean': 0.1074, 'ratio_to_fused': 0.842, 'device_ratio_to_fused': 0.791}
