[19:03:29]   checkpoint: LiquidAI/LFM2-8B-A1B @ c1c44ff9fc00db3ebf4516970563f5f383d23670 (requested main, unpinned)
[19:03:29]   fusing + quantizing experts (up to 24x32) to nf4 (streaming)...
[19:21:03]   quantized experts on 22/24 MoE layers (32 experts each)
[19:21:03]   loading non-expert weights (attention/embeddings/router/norms/dense-mlp)...
Using the latest cached version of the dataset since tatsu-lab/alpaca couldn't be found on the Hugging Face Hub (offline mode is enabled).
Found the latest cached dataset configuration 'default' at /home/node/.cache/huggingface/datasets/tatsu-lab___alpaca/default/0.0.0/dce01c9b08f87459cf36a430d809084718273017 (last modified on Fri Jul  3 14:24:07 2026).
[e4b.fast] fused TRAINING path on 22 ExpertsLoRA module(s) (dgrad kernel backward)
[e4b.rope] fused rotary in 1 attention module(s)
[e4b.rmsnorm] fused 61 frozen RMSNorm(s) for training [61 w*round(norm)] (0 left on the composite)
[ladder] step 0 15.766s loss 2.2870
[ladder] step 1 1.323s loss 2.9496
[ladder] step 2 1.241s loss 2.5449
[ladder] step 3 1.263s loss 2.7125
[ladder] step 4 1.392s loss 2.3871
[ladder] step 5 1.252s loss 2.2943
[ladder] step 6 1.251s loss 2.5231
[ladder] step 7 1.246s loss 2.9037
[ladder] step 8 1.231s loss 2.6970
[ladder] fused: 1.251 s/step, 409.1 tok/s, peak 6.32 GB, syncs 47
[e4b.fast] fused TRAINING path on 22 ExpertsLoRA module(s) (dgrad kernel backward)
[e4b.rope] fused rotary in 1 attention module(s)
[e4b.rmsnorm] fused 61 frozen RMSNorm(s) for training [61 w*round(norm)] (0 left on the composite)
[e4b.moe_keep] MoE activations kept in 22 layer(s); 22 non-MoE child(ren) still checkpointed
[ladder] step 0 0.955s loss 2.2870
[ladder] step 1 0.923s loss 2.9524
[ladder] step 2 0.920s loss 2.5634
[ladder] step 3 0.945s loss 2.7097
[ladder] step 4 0.934s loss 2.3893
[ladder] step 5 0.927s loss 2.2989
[ladder] step 6 0.937s loss 2.5166
[ladder] step 7 0.930s loss 2.9005
[ladder] step 8 0.919s loss 2.6894
[ladder] keep: 0.932 s/step, 549.3 tok/s, peak 7.36 GB, syncs 24
[e4b.fast] fused TRAINING path on 22 ExpertsLoRA module(s) (dgrad kernel backward)
[e4b.rope] fused rotary in 1 attention module(s)
[e4b.rmsnorm] fused 61 frozen RMSNorm(s) for training [61 w*round(norm)] (0 left on the composite)
[ladder] step 0 1.254s loss 2.2815
[ladder] step 1 0.868s loss 2.9622
[ladder] step 2 0.873s loss 2.5499
[ladder] step 3 0.897s loss 2.7106
[ladder] step 4 0.880s loss 2.3847
[ladder] step 5 0.890s loss 2.2908
[ladder] step 6 0.880s loss 2.5285
[ladder] step 7 0.880s loss 2.9152
[ladder] step 8 0.876s loss 2.6924
[ladder] fused@GNF4_TRAIN_GEMM=dequant_mm: 0.880 s/step, 581.7 tok/s, peak 6.58 GB, syncs 46
[e4b.fast] fused TRAINING path on 22 ExpertsLoRA module(s) (dgrad kernel backward)
[e4b.rope] fused rotary in 1 attention module(s)
[e4b.rmsnorm] fused 61 frozen RMSNorm(s) for training [61 w*round(norm)] (0 left on the composite)
[e4b.moe_keep] MoE activations kept in 22 layer(s); 22 non-MoE child(ren) still checkpointed
[ladder] step 0 0.653s loss 2.2815
[ladder] step 1 0.626s loss 2.9502
[ladder] step 2 0.630s loss 2.5511
[ladder] step 3 0.648s loss 2.7218
[ladder] step 4 0.630s loss 2.3898
[ladder] step 5 0.634s loss 2.3120
[ladder] step 6 0.697s loss 2.5227
[ladder] step 7 0.633s loss 2.9196
[ladder] step 8 0.635s loss 2.6893
[ladder] keep@GNF4_TRAIN_GEMM=dequant_mm: 0.634 s/step, 806.9 tok/s, peak 7.40 GB, syncs 24
[e4b.fast] fused TRAINING path on 22 ExpertsLoRA module(s) (dgrad kernel backward)
[e4b.rope] fused rotary in 1 attention module(s)
[e4b.rmsnorm] fused 61 frozen RMSNorm(s) for training [61 w*round(norm)] (0 left on the composite)
[e4b.moe_keep] MoE activations kept in 22 layer(s); 22 non-MoE child(ren) still checkpointed
[ladder] step 0 0.632s loss 2.2815
[ladder] step 1 0.627s loss 2.9630
[ladder] step 2 0.635s loss 2.5457
[ladder] step 3 0.652s loss 2.7222
[ladder] step 4 0.630s loss 2.3870
[ladder] step 5 0.637s loss 2.3057
[ladder] step 6 0.635s loss 2.5148
[ladder] step 7 0.635s loss 2.9064
[ladder] step 8 0.633s loss 2.6843
[ladder] keep@GNF4_TRAIN_GEMM=dequant_mm#2: 0.635 s/step, 806.0 tok/s, peak 7.42 GB, syncs 24
[e4b.fast] fused TRAINING path on 22 ExpertsLoRA module(s) (dgrad kernel backward)
[e4b.rope] fused rotary in 1 attention module(s)
[e4b.rmsnorm] fused 61 frozen RMSNorm(s) for training [61 w*round(norm)] (0 left on the composite)
[ladder] step 0 0.872s loss 2.2815
[ladder] step 1 0.874s loss 2.9669
[ladder] step 2 0.876s loss 2.5588
[ladder] step 3 0.899s loss 2.7193
[ladder] step 4 0.877s loss 2.3876
[ladder] step 5 0.884s loss 2.3076
[ladder] step 6 0.884s loss 2.5258
[ladder] step 7 0.882s loss 2.9111
[ladder] step 8 0.877s loss 2.6907
[ladder] fused@GNF4_TRAIN_GEMM=dequant_mm#2: 0.883 s/step, 580.1 tok/s, peak 6.58 GB, syncs 46
[e4b.fast] fused TRAINING path on 22 ExpertsLoRA module(s) (dgrad kernel backward)
[e4b.rope] fused rotary in 1 attention module(s)
[e4b.rmsnorm] fused 61 frozen RMSNorm(s) for training [61 w*round(norm)] (0 left on the composite)
[e4b.moe_keep] MoE activations kept in 22 layer(s); 22 non-MoE child(ren) still checkpointed
[ladder] step 0 0.939s loss 2.2870
[ladder] step 1 0.926s loss 2.9519
[ladder] step 2 0.936s loss 2.5473
[ladder] step 3 0.960s loss 2.7064
[ladder] step 4 0.945s loss 2.3897
[ladder] step 5 0.944s loss 2.2866
[ladder] step 6 0.947s loss 2.5104
[ladder] step 7 0.943s loss 2.9215
[ladder] step 8 0.928s loss 2.6814
[ladder] keep#2: 0.944 s/step, 542.1 tok/s, peak 7.36 GB, syncs 24
[e4b.fast] fused TRAINING path on 22 ExpertsLoRA module(s) (dgrad kernel backward)
[e4b.rope] fused rotary in 1 attention module(s)
[e4b.rmsnorm] fused 61 frozen RMSNorm(s) for training [61 w*round(norm)] (0 left on the composite)
[ladder] step 0 1.275s loss 2.2870
[ladder] step 1 1.278s loss 2.9523
[ladder] step 2 1.280s loss 2.5522
[ladder] step 3 1.312s loss 2.7151
[ladder] step 4 1.294s loss 2.3783
[ladder] step 5 1.287s loss 2.3045
[ladder] step 6 1.302s loss 2.5164
[ladder] step 7 1.289s loss 2.9039
[ladder] step 8 1.273s loss 2.6944
[ladder] fused#2: 1.292 s/step, 396.4 tok/s, peak 6.32 GB, syncs 46
[ladder] SUMMARY fused: {'s_per_step_mean': 1.2715, 'readings': [1.2514, 1.2916], 'spread': 0.032, 'peak_alloc_gb': 6.315, 'syncs_one_step': 47, 'device_busy_frac': [0.964, 0.964], 'device_s_mean': 1.2252, 'ratio_to_fused': 1.0, 'device_ratio_to_fused': 1.0}
[ladder] SUMMARY keep: {'s_per_step_mean': 0.9383, 'readings': [0.9321, 0.9444], 'spread': 0.013, 'peak_alloc_gb': 7.36, 'syncs_one_step': 24, 'device_busy_frac': [0.968, 0.976], 'device_s_mean': 0.9123, 'ratio_to_fused': 0.738, 'device_ratio_to_fused': 0.745}
[ladder] SUMMARY fused@GNF4_TRAIN_GEMM=dequant_mm: {'s_per_step_mean': 0.8814, 'readings': [0.8801, 0.8826], 'spread': 0.003, 'peak_alloc_gb': 6.578, 'syncs_one_step': 46, 'device_busy_frac': [0.944, 0.951], 'device_s_mean': 0.8739, 'ratio_to_fused': 0.693, 'device_ratio_to_fused': 0.713}
[ladder] SUMMARY keep@GNF4_TRAIN_GEMM=dequant_mm: {'s_per_step_mean': 0.6348, 'readings': [0.6345, 0.6352], 'spread': 0.001, 'peak_alloc_gb': 7.415, 'syncs_one_step': 24, 'device_busy_frac': [0.956, 0.962], 'device_s_mean': 0.6165, 'ratio_to_fused': 0.499, 'device_ratio_to_fused': 0.503}
