[23:54:05]   checkpoint: local directory /root/pg/tinyg
[23:54:05]   fusing + quantizing experts (up to 4x32) to nf4 (streaming)...
[23:54:05]   quantized experts on 4/4 MoE layers (32 experts each)
[23:54:05]   loading non-expert weights (attention/embeddings/router/norms/dense-mlp)...
[23:54:06]   experts deferred to the arena: 4 module(s), 20 unmaterialized buffer(s) — call nvme_experts.enable_nvme_residency() before running this model
[23:54:07]   hybrid tier active on 4 module(s): vram/dram/nvme masses 1.00/0.00/0.00
[serve_paged] fusions (fold flags set: ['E4B_FUSE_T1_GLUE', 'E4B_FUSE_T1_GLUE_R2', 'E4B_FUSE_ROUTER_EPI']): {'fuse_qkv_n': 0, 'fuse_t1_glue_n': 9, 'fuse_t1_glue_r2_n': [4, 4], 'fuse_router_epilogue_n': 4}
DECODE_GRAPH bucket=1 EAGER (eager: CompilationError: at 39:12:
    blk = pos // bt
    fill = pos - blk * bt
    row = tl.load(tbl_ptr + slot * bps + blk).to(tl.int64)
    pay = row * row_bytes + fill * (H * D) + )
DECODE_GRAPH bucket=2 EAGER (eager: CompilationError: at 39:12:
    blk = pos // bt
    fill = pos - blk * bt
    row = tl.load(tbl_ptr + slot * bps + blk).to(tl.int64)
    pay = row * row_bytes + fill * (H * D) + )
DECODE_GRAPH bucket=4 EAGER (eager: CompilationError: at 39:12:
    blk = pos // bt
    fill = pos - blk * bt
    row = tl.load(tbl_ptr + slot * bps + blk).to(tl.int64)
    pay = row * row_bytes + fill * (H * D) + )
DECODE_GRAPH bucket=8 EAGER (eager: CompilationError: at 39:12:
    blk = pos // bt
    fill = pos - blk * bt
    row = tl.load(tbl_ptr + slot * bps + blk).to(tl.int64)
    pay = row * row_bytes + fill * (H * D) + )
DECODE_GRAPH bucket=16 EAGER (eager: CompilationError: at 39:12:
    blk = pos // bt
    fill = pos - blk * bt
    row = tl.load(tbl_ptr + slot * bps + blk).to(tl.int64)
    pay = row * row_bytes + fill * (H * D) + )
[serve_paged] PREFILL_GRAPH on (auto): first chunks of 512 tokens replay one graph (startup check bitwise on two prompts; pool 128 MiB, 4267 MiB free)
[serve_paged] ready: {"moe_layers": 4, "experts": 32, "top_k": 8, "model_type": "granitemoe", "int4_expert_layers": 0, "int4_store_kinds": [], "int4_attn_projections": 0, "kv": {"n_kv_heads": 2, "head_dim": 64, "k_groups": "auto", "scratch_slots": 16, "blocks_per_seq": 256}, "graph_status": {"1": "eager: CompilationError: at 39:12:\n    blk = pos // bt\n    fill = pos - blk * bt\n    row = tl.load(tbl_ptr + slot * bps + blk).to(tl.int64)\n    pay = row * row_bytes + fill * (H * D) + ", "2": "eager: CompilationError: at 39:12:\n    blk = pos // bt\n    fill = pos - blk * bt\n    row = tl.load(tbl_ptr + slot * bps + blk).to(tl.int64)\n    pay = row * row_bytes + fill * (H * D) + ", "4": "eager: CompilationError: at 39:12:\n    blk = pos // bt\n    fill = pos - blk * bt\n    row = tl.load(tbl_ptr + slot * bps + blk).to(tl.int64)\n    pay = row * row_bytes + fill * (H * D) + ", "8": "eager: CompilationError: at 39:12:\n    blk = pos // bt\n    fill = pos - blk * bt\n    row = tl.load(tbl_ptr + slot * bps + blk).to(tl.int64)\n    pay = row * row_bytes + fill * (H * D) + ", "16": "eager: CompilationError: at 39:12:\n    blk = pos // bt\n    fill = pos - blk * bt\n    row = tl.load(tbl_ptr + slot * bps + blk).to(tl.int64)\n    pay = row * row_bytes + fill * (H * D) + "}, "grouping": {"device_grouping": true, "force_singleton_groups": false}, "prefill_graph": "auto", "levers_env": {"E4B_SERVE_EXP_INT4": "0", "E4B_SERVE_ATTN_INT4_CALIB": "0", "E4B_CALIB_SOURCE": "c4", "E4B_FUSE_T1_GLUE": "1", "E4B_FUSE_T1_GLUE_R2": "1", "E4B_FUSE_ROUTER_EPI": "1"}, "exp_int4_layers_enabled": 0, "attn_int4_rtn_projections": 0, "attn_int4_calib_projections": 0, "fuse_qkv_n": 0, "fuse_t1_glue_n": 9, "fuse_t1_glue_r2_n": [4, 4], "fuse_router_epilogue_n": 4}
KNOB {"at_build": {"status": "on", "T": 512, "replays": 0, "eager_chunks": 0, "eager_reasons": {"later_chunk": 0, "short_chunk": 0}, "pool_mib": 128, "free_after_mib": 4267}, "stats": {"status": "on", "T": 512, "replays": 4, "eager_chunks": 2, "eager_reasons": {"later_chunk": 1, "short_chunk": 1}, "pool_mib": 128, "free_after_mib": 4267}, "all_bitwise": true}
  {"len": 512, "first_graph": 21901, "first_eager": 21901, "pool_bitwise": true}
  {"len": 512, "first_graph": 40215, "first_eager": 40215, "pool_bitwise": true}
  {"len": 1024, "first_graph": 18773, "first_eager": 18773, "pool_bitwise": true}
  {"len": 512, "first_graph": 1457, "first_eager": 1457, "pool_bitwise": true}
  {"len": 300, "first_graph": 11125, "first_eager": 11125, "pool_bitwise": true}
