/root/tc1/dq4_cap.py:117: UserWarning: dense offload: kept 192 trainable tensor(s) resident (0.31 GB) instead of streaming them -- an optimizer cannot step a streamed parameter. For inference, freeze the model first: model.requires_grad_(False)
  handles = enable_dense_offload(pm, pin=True, prefetch=False, train_prefetch=True)
[transformers] `use_cache=True` is incompatible with gradient checkpointing. Setting `use_cache=False`.
DQ4 S expandable_segments:True seq 2048: ok peak 7.84 / reserved 11.12 GiB
DQ4 S expandable_segments:True seq 3072: ok peak 9.10 / reserved 12.66 GiB
DQ4 S expandable_segments:True seq 4096: ok peak 10.35 / reserved 13.99 GiB
DQ4 S expandable_segments:True seq 5120: ok peak 11.61 / reserved 15.61 GiB
DQ4 S expandable_segments:True seq 6144: ok peak 12.86 / reserved 16.63 GiB
DQ4 S expandable_segments:True seq 7168: ok peak 14.12 / reserved 18.05 GiB
DQ4 S expandable_segments:True seq 8192: ok peak 15.37 / reserved 19.56 GiB
DQ4 S expandable_segments:True seq 9216: ok peak 16.63 / reserved 20.96 GiB
DQ4 S expandable_segments:True seq 10240: ok peak 17.88 / reserved 22.25 GiB
DQ4 S expandable_segments:True seq 11264: ok peak 19.14 / reserved 23.51 GiB
DQ4 S expandable_segments:True seq 12288: ok peak 20.39 / reserved 24.77 GiB
DQ4 S expandable_segments:True seq 13312: ok peak 21.65 / reserved 26.30 GiB
DQ4 S expandable_segments:True seq 14336: ok peak 22.91 / reserved 28.94 GiB
DQ4 S expandable_segments:True seq 15360: ok peak 24.16 / reserved 29.19 GiB
DQ4 S expandable_segments:True seq 16384: ok peak 25.42 / reserved 30.63 GiB
DQ4 S expandable_segments:True seq 17408: ok peak 26.67 / reserved 30.63 GiB
DQ4 S expandable_segments:True seq 18432: ok peak 27.93 / reserved 30.63 GiB
DQ4 S expandable_segments:True seq 19456: ok peak 29.18 / reserved 30.63 GiB
DQ4 S expandable_segments:True seq 20480: OOM peak 28.48 / reserved 30.12 GiB
DQ4 S ladder done: max_ok 19456 first_oom 20480
