/root/tc1/dq4_cap.py:117: UserWarning: dense offload: kept 192 trainable tensor(s) resident (0.31 GB) instead of streaming them -- an optimizer cannot step a streamed parameter. For inference, freeze the model first: model.requires_grad_(False)
  handles = enable_dense_offload(pm, pin=True, prefetch=False, train_prefetch=True)
[transformers] `use_cache=True` is incompatible with gradient checkpointing. Setting `use_cache=False`.
DQ4 S default seq 512: ok peak 6.57 / reserved 17.73 GiB
DQ4 S default seq 1024: ok peak 6.91 / reserved 17.72 GiB
DQ4 S default seq 1536: ok peak 7.32 / reserved 17.72 GiB
DQ4 S default seq 2048: ok peak 7.90 / reserved 17.73 GiB
DQ4 S default seq 2560: ok peak 8.52 / reserved 17.73 GiB
DQ4 S default seq 3072: ok peak 9.15 / reserved 17.76 GiB
DQ4 S default seq 3584: ok peak 9.77 / reserved 18.17 GiB
DQ4 S default seq 4096: ok peak 10.40 / reserved 18.31 GiB
DQ4 S default seq 4608: ok peak 11.03 / reserved 18.47 GiB
DQ4 S default seq 5120: ok peak 11.66 / reserved 19.09 GiB
DQ4 S default seq 5632: ok peak 12.28 / reserved 19.56 GiB
DQ4 S default seq 6144: ok peak 12.91 / reserved 19.79 GiB
DQ4 S default seq 6656: ok peak 13.54 / reserved 20.03 GiB
DQ4 S default seq 7168: ok peak 14.17 / reserved 20.59 GiB
DQ4 S default seq 7680: ok peak 14.80 / reserved 22.30 GiB
DQ4 S default seq 8192: ok peak 15.42 / reserved 22.99 GiB
DQ4 S default seq 8704: ok peak 16.05 / reserved 22.99 GiB
DQ4 S default seq 9216: ok peak 16.68 / reserved 22.99 GiB
DQ4 S default seq 9728: ok peak 17.31 / reserved 22.99 GiB
DQ4 S default seq 10240: OOM peak 17.93 / reserved 22.42 GiB
DQ4 S ladder done: max_ok 9728 first_oom 10240
