[2026-10-04T20:47:20Z] preflight util,mem_used,mem_total: 0, 7522, 12282
git version 2.34.1
WARNING: Running pip as the 'root' user can result in broken permissions and conflicting behaviour with the system package manager, possibly rendering your system unusable. It is recommended to use a virtual environment instead: https://pip.pypa.io/warnings/venv. Use the --root-user-action option if you know what you are doing and want to suppress this warning.
45d91b3b prefill graph: keep the positions the graph reads; check after the capture's scope and an allocator churn
WARNING: Running pip as the 'root' user can result in broken permissions and conflicting behaviour with the system package manager, possibly rendering your system unusable. It is recommended to use a virtual environment instead: https://pip.pypa.io/warnings/venv. Use the --root-user-action option if you know what you are doing and want to suppress this warning.
GUARD ok 2.8.0+cu128 5.17.0 NVIDIA RTX A2000 12GB
[2026-10-04T20:48:37Z] arm T1: the new GPU tests, verbose
tests/test_prefill_graph_gpu.py::test_replayed_first_chunks_prefill_exactly_as_eager PASSED [ 14%]
tests/test_prefill_graph_gpu.py::test_without_the_copy_the_continuing_prompts_pool_is_wrong PASSED [ 28%]
tests/test_prefill_graph_gpu.py::test_refuses_without_device_grouping PASSED [ 42%]
tests/test_prefill_graph_gpu.py::test_the_startup_check_refuses_a_graph_that_differs_from_eager PASSED [ 57%]
tests/test_prefill_graph_gpu.py::test_the_startup_check_refuses_when_its_prompts_cannot_tell_graphs_apart PASSED [ 71%]
tests/test_prefill_graph_gpu.py::test_the_startup_check_refuses_a_graph_reading_a_tensor_nothing_keeps PASSED [ 85%]
tests/test_prefill_graph_gpu.py::test_refuses_a_forward_that_syncs PASSED [100%]
============================== 7 passed in 12.06s ==============================
[2026-10-04T20:48:52Z] arm T2: neighbours
    from starlette.testclient import TestClient as TestClient  # noqa

-- Docs: https://docs.pytest.org/en/stable/how-to/capture-warnings.html
=========================== short test summary info ============================
SKIPPED [1] tests/test_decode_graph_buckets.py:98: the fp8 paged KV needs native e4m3 (sm_89+)
SKIPPED [2] tests/test_decode_graph_buckets.py:116: the fp8 paged KV needs native e4m3 (sm_89+)
SKIPPED [2] tests/test_kv_step_select.py:121: the fp8 paged KV needs native e4m3 (sm_89+)
82 passed, 5 skipped, 1 warning in 15.21s
[2026-10-04T20:49:11Z] tiny models + arenas
TINY_OK /root/pg/tiny 211228160
BAKE OK
Writing model shards:   0%|          | 0/1 [00:00<?, ?it/s]Writing model shards: 100%|██████████| 1/1 [00:00<00:00, 13.46it/s]
Warning: You are sending unauthenticated requests to the HF Hub. Please set a HF_TOKEN to enable higher rate limits and faster downloads.
TINY_OK /root/pg/tinyg 78190592
BAKE OK
[2026-10-04T20:49:52Z] arm K1_qwen3_int4_on (E4B_PAGED_MODEL=/root/pg/tiny E4B_PAGED_ARENA=/root/pg/arena/nf4.arena E4B_PAGED_CALIB=/root/pg/calib.json E4B_PAGED_PLACEMENT=all-vram PYTORCH_CUDA_ALLOC_CONF=expandable_segments:True E4B_SERVE_EXP_INT4=1 E4B_SERVE_ATTN_INT4=1 E4B_SERVE_ATTN_INT4_CALIB=0 E4B_CALIB_SOURCE=c4 E4B_FUSE_T1_GLUE=1 E4B_FUSE_T1_GLUE_R2=1 E4B_FUSE_ROUTER_EPI=1 E4B_PAGED_FUSE_QKV=1 E4B_INT4_GROUPED_SMALLM=auto E4B_INT4_LEAN_GLUE=auto E4B_NF4_GROUPED_SMALLM=0 E4B_MXFP4_GROUPED_SMALLM=auto E4B_PAGED_PREFILL_GRAPH=1)
RC=0
[serve_paged] PREFILL_GRAPH on: first chunks of 512 tokens replay one graph (startup check bitwise on two prompts)
KNOB {"at_build": {"status": "on", "T": 512, "replays": 0, "eager_chunks": 0, "eager_reasons": {"later_chunk": 0, "short_chunk": 0}}, "stats": {"status": "on", "T": 512, "replays": 4, "eager_chunks": 2, "eager_reasons": {"later_chunk": 1, "short_chunk": 1}}, "all_bitwise": true}
  {"len": 512, "first_graph": 52976, "first_eager": 52976, "pool_bitwise": true}
  {"len": 512, "first_graph": 113435, "first_eager": 113435, "pool_bitwise": true}
  {"len": 1024, "first_graph": 23932, "first_eager": 23932, "pool_bitwise": true}
  {"len": 512, "first_graph": 46985, "first_eager": 46985, "pool_bitwise": true}
  {"len": 300, "first_graph": 33511, "first_eager": 33511, "pool_bitwise": true}
[2026-10-04T20:50:28Z] arm K0_qwen3_int4_maxseqs1_refusal (E4B_PAGED_MODEL=/root/pg/tiny E4B_PAGED_ARENA=/root/pg/arena/nf4.arena E4B_PAGED_CALIB=/root/pg/calib.json E4B_PAGED_PLACEMENT=all-vram PYTORCH_CUDA_ALLOC_CONF=expandable_segments:True E4B_SERVE_EXP_INT4=1 E4B_SERVE_ATTN_INT4=1 E4B_SERVE_ATTN_INT4_CALIB=0 E4B_CALIB_SOURCE=c4 E4B_FUSE_T1_GLUE=1 E4B_FUSE_T1_GLUE_R2=1 E4B_FUSE_ROUTER_EPI=1 E4B_PAGED_FUSE_QKV=1 E4B_INT4_GROUPED_SMALLM=auto E4B_INT4_LEAN_GLUE=auto E4B_NF4_GROUPED_SMALLM=0 E4B_MXFP4_GROUPED_SMALLM=auto E4B_PAGED_PREFILL_GRAPH=1 E4B_PAGED_MAX_SEQS=1)
RC=0
KNOB {"mode": "knob", "built": false, "error": "RuntimeError: E4B_PAGED_PREFILL_GRAPH=1 refused: device grouping is off: host grouping syncs inside the forward (serve_paged turns it on with decode graphs at max_seqs > 1 on the all-vram placement)"}
KNOB {"mode": "knob", "built": false, "error": "RuntimeError: E4B_PAGED_PREFILL_GRAPH=1 refused: device grouping is off: host grouping syncs inside the forward (serve_paged turns it on with decode graphs at max_seqs > 1 on the all-vram placement)"}
[2026-10-04T20:50:41Z] arm KG_granite_nf4_on (E4B_PAGED_MODEL=/root/pg/tinyg E4B_PAGED_ARENA=/root/pg/arenag/nf4.arena E4B_PAGED_CALIB=/root/pg/calib.json E4B_PAGED_PLACEMENT=all-vram PYTORCH_CUDA_ALLOC_CONF=expandable_segments:True E4B_SERVE_EXP_INT4=0 E4B_SERVE_ATTN_INT4_CALIB=0 E4B_CALIB_SOURCE=c4 E4B_FUSE_T1_GLUE=1 E4B_FUSE_T1_GLUE_R2=1 E4B_FUSE_ROUTER_EPI=1 E4B_INT4_GROUPED_SMALLM=auto E4B_INT4_LEAN_GLUE=auto E4B_NF4_GROUPED_SMALLM=0 E4B_MXFP4_GROUPED_SMALLM=auto E4B_PAGED_PREFILL_GRAPH=1)
RC=0
[serve_paged] PREFILL_GRAPH on: first chunks of 512 tokens replay one graph (startup check bitwise on two prompts)
KNOB {"at_build": {"status": "on", "T": 512, "replays": 0, "eager_chunks": 0, "eager_reasons": {"later_chunk": 0, "short_chunk": 0}}, "stats": {"status": "on", "T": 512, "replays": 4, "eager_chunks": 2, "eager_reasons": {"later_chunk": 1, "short_chunk": 1}}, "all_bitwise": true}
  {"len": 512, "first_graph": 21901, "first_eager": 21901, "pool_bitwise": true}
  {"len": 512, "first_graph": 40215, "first_eager": 40215, "pool_bitwise": true}
  {"len": 1024, "first_graph": 18773, "first_eager": 18773, "pool_bitwise": true}
  {"len": 512, "first_graph": 1457, "first_eager": 1457, "pool_bitwise": true}
  {"len": 300, "first_graph": 11125, "first_eager": 11125, "pool_bitwise": true}
[2026-10-04T20:50:57Z] done
PG_DONE
