SC1B census=census_granite_b16_graph at=2026-10-03T16:52:30Z nproc=224 cpu.max=3071999/100000 load=9.49/21.97/19.40
ENV: E4B_INT4_GROUPED_SMALLM=auto E4B_INT4_LEAN_GLUE=auto E4B_NF4_GROUPED_SMALLM=0 E4B_MXFP4_GROUPED_SMALLM=auto E4B_SERVE_EXP_INT4=0 E4B_SERVE_ATTN_INT4_CALIB=0 E4B_CALIB_SOURCE=c4 E4B_FUSE_T1_GLUE=1 E4B_FUSE_T1_GLUE_R2=1 E4B_FUSE_ROUTER_EPI=1 E4B_PAGED_MODEL=ibm-granite/granite-3.1-3b-a800m-instruct E4B_PAGED_REVISION=a02780686e08a03fe0d2679a293b5c74a90efa89 E4B_PAGED_ARENA=/root/sc1/work_granite/nf4.arena E4B_PAGED_CALIB=/root/sc1/calib.json E4B_PAGED_PLACEMENT=all-vram E4B_PAGED_MAX_SEQS=16 E4B_PAGED_MAX_TOKENS_PER_SEQ=2048 E4B_PAGED_CHUNK_TOKENS=512 E4B_PAGED_GRAPHS=1 E4B_PAGED_BUCKETS=1,2,4,8,16 E4B_PAGED_FUSE_QKV=0 E4B_PAGED_TORCH_THREADS=8
Fetching 11 files:   0%|          | 0/11 [00:00<?, ?it/s]Fetching 11 files: 100%|██████████| 11/11 [00:00<00:00, 1301.44it/s]
[16:52:37]   checkpoint: ibm-granite/granite-3.1-3b-a800m-instruct @ a02780686e08a03fe0d2679a293b5c74a90efa89 (requested a02780686e08a03fe0d2679a293b5c74a90efa89)
[16:52:37]   fusing + quantizing experts (up to 32x40) to nf4 (streaming)...
[16:52:37]   quantized experts on 32/32 MoE layers (40 experts each)
[16:52:37]   loading non-expert weights (attention/embeddings/router/norms/dense-mlp)...
[16:52:37]   experts deferred to the arena: 32 module(s), 160 unmaterialized buffer(s) — call nvme_experts.enable_nvme_residency() before running this model
[16:52:38]   hybrid: 2 NUMA nodes — run under `numactl --interleave=all` until node-local allocation lands (see the Phase-2 metal receipt)
[16:52:39]   hybrid tier active on 32 module(s): vram/dram/nvme masses 1.00/0.00/0.00
[serve_paged] fusions (fold flags set: ['E4B_FUSE_T1_GLUE', 'E4B_FUSE_T1_GLUE_R2', 'E4B_FUSE_ROUTER_EPI']): {'fuse_qkv_n': 0, 'fuse_t1_glue_n': 65, 'fuse_t1_glue_r2_n': [32, 32], 'fuse_router_epilogue_n': 32}
DECODE_GRAPH bucket=1 captured
DECODE_GRAPH bucket=2 captured
DECODE_GRAPH bucket=4 captured
DECODE_GRAPH bucket=8 captured
DECODE_GRAPH bucket=16 captured
[serve_paged] ready: {"moe_layers": 32, "experts": 40, "top_k": 8, "model_type": "granitemoe", "int4_expert_layers": 0, "int4_store_kinds": [], "int4_attn_projections": 0, "kv": {"n_kv_heads": 8, "head_dim": 64, "k_groups": "auto", "scratch_slots": 16, "blocks_per_seq": 128}, "graph_status": {"1": "graph", "2": "graph", "4": "graph", "8": "graph", "16": "graph"}, "grouping": {"device_grouping": true, "force_singleton_groups": false}, "levers_env": {"E4B_SERVE_EXP_INT4": "0", "E4B_SERVE_ATTN_INT4_CALIB": "0", "E4B_CALIB_SOURCE": "c4", "E4B_FUSE_T1_GLUE": "1", "E4B_FUSE_T1_GLUE_R2": "1", "E4B_FUSE_ROUTER_EPI": "1"}, "exp_int4_layers_enabled": 0, "attn_int4_rtn_projections": 0, "attn_int4_calib_projections": 0, "fuse_qkv_n": 0, "fuse_t1_glue_n": 65, "fuse_t1_glue_r2_n": [32, 32], "fuse_router_epilogue_n": 32}
Capture range started in the application.
Capture range ended in the application.
Generating '/tmp/nsys-report-46cf.qdstrm'
[1/1] [0%                          ] census_granite_b16_graph.nsys-repProcessing events...
[1/1] [0%                          ] census_granite_b16_graph.nsys-rep[1/1] [10%                         ] census_granite_b16_graph.nsys-rep[1/1] [==20%                       ] census_granite_b16_graph.nsys-rep[1/1] [=============59%            ] census_granite_b16_graph.nsys-rep[1/1] [========================100%] census_granite_b16_graph.nsys-rep[1/1] [========================100%] census_granite_b16_graph.nsys-rep
SC1B_E4B {"arm": "census_granite_b16_graph", "batch": 16, "steps_bracketed": 64, "profiled_ms_per_step": 9.0532}
Generated:
	/root/sc1/census/census_granite_b16_graph.nsys-rep
