[20:45:44]   checkpoint: local directory /root/pg/tinyg
[20:45:44]   fusing + quantizing experts (up to 4x32) to nf4 (streaming)...
[20:45:44]   quantized experts on 4/4 MoE layers (32 experts each)
[20:45:44]   loading non-expert weights (attention/embeddings/router/norms/dense-mlp)...
[20:45:45]   experts deferred to the arena: 4 module(s), 20 unmaterialized buffer(s) — call nvme_experts.enable_nvme_residency() before running this model
[20:45:46]   hybrid tier active on 4 module(s): vram/dram/nvme masses 1.00/0.00/0.00
[serve_paged] fusions (fold flags set: ['E4B_FUSE_T1_GLUE', 'E4B_FUSE_T1_GLUE_R2', 'E4B_FUSE_ROUTER_EPI']): {'fuse_qkv_n': 0, 'fuse_t1_glue_n': 9, 'fuse_t1_glue_r2_n': [4, 4], 'fuse_router_epilogue_n': 4}
DECODE_GRAPH bucket=1 EAGER (eager: CompilationError: at 39:12:
    blk = pos // bt
    fill = pos - blk * bt
    row = tl.load(tbl_ptr + slot * bps + blk).to(tl.int64)
    pay = row * row_bytes + fill * (H * D) + )
DECODE_GRAPH bucket=2 EAGER (eager: CompilationError: at 39:12:
    blk = pos // bt
    fill = pos - blk * bt
    row = tl.load(tbl_ptr + slot * bps + blk).to(tl.int64)
    pay = row * row_bytes + fill * (H * D) + )
DECODE_GRAPH bucket=4 EAGER (eager: CompilationError: at 39:12:
    blk = pos // bt
    fill = pos - blk * bt
    row = tl.load(tbl_ptr + slot * bps + blk).to(tl.int64)
    pay = row * row_bytes + fill * (H * D) + )
DECODE_GRAPH bucket=8 EAGER (eager: CompilationError: at 39:12:
    blk = pos // bt
    fill = pos - blk * bt
    row = tl.load(tbl_ptr + slot * bps + blk).to(tl.int64)
    pay = row * row_bytes + fill * (H * D) + )
DECODE_GRAPH bucket=16 EAGER (eager: CompilationError: at 39:12:
    blk = pos // bt
    fill = pos - blk * bt
    row = tl.load(tbl_ptr + slot * bps + blk).to(tl.int64)
    pay = row * row_bytes + fill * (H * D) + )
[serve_paged] PREFILL_GRAPH on: first chunks of 512 tokens replay one graph (startup check bitwise on two prompts)
[serve_paged] ready: {"moe_layers": 4, "experts": 32, "top_k": 8, "model_type": "granitemoe", "int4_expert_layers": 0, "int4_store_kinds": [], "int4_attn_projections": 0, "kv": {"n_kv_heads": 2, "head_dim": 64, "k_groups": "auto", "scratch_slots": 16, "blocks_per_seq": 256}, "graph_status": {"1": "eager: CompilationError: at 39:12:\n    blk = pos // bt\n    fill = pos - blk * bt\n    row = tl.load(tbl_ptr + slot * bps + blk).to(tl.int64)\n    pay = row * row_bytes + fill * (H * D) + ", "2": "eager: CompilationError: at 39:12:\n    blk = pos // bt\n    fill = pos - blk * bt\n    row = tl.load(tbl_ptr + slot * bps + blk).to(tl.int64)\n    pay = row * row_bytes + fill * (H * D) + ", "4": "eager: CompilationError: at 39:12:\n    blk = pos // bt\n    fill = pos - blk * bt\n    row = tl.load(tbl_ptr + slot * bps + blk).to(tl.int64)\n    pay = row * row_bytes + fill * (H * D) + ", "8": "eager: CompilationError: at 39:12:\n    blk = pos // bt\n    fill = pos - blk * bt\n    row = tl.load(tbl_ptr + slot * bps + blk).to(tl.int64)\n    pay = row * row_bytes + fill * (H * D) + ", "16": "eager: CompilationError: at 39:12:\n    blk = pos // bt\n    fill = pos - blk * bt\n    row = tl.load(tbl_ptr + slot * bps + blk).to(tl.int64)\n    pay = row * row_bytes + fill * (H * D) + "}, "grouping": {"device_grouping": true, "force_singleton_groups": false}, "prefill_graph": true, "levers_env": {"E4B_SERVE_EXP_INT4": "0", "E4B_SERVE_ATTN_INT4_CALIB": "0", "E4B_CALIB_SOURCE": "c4", "E4B_FUSE_T1_GLUE": "1", "E4B_FUSE_T1_GLUE_R2": "1", "E4B_FUSE_ROUTER_EPI": "1"}, "exp_int4_layers_enabled": 0, "attn_int4_rtn_projections": 0, "attn_int4_calib_projections": 0, "fuse_qkv_n": 0, "fuse_t1_glue_n": 9, "fuse_t1_glue_r2_n": [4, 4], "fuse_router_epilogue_n": 4}
/pytorch/aten/src/ATen/native/cuda/IndexKernelUtils.cu:16: vectorized_gather_kernel: block: [398,0,0], thread: [0,0,0] Assertion `ind >=0 && ind < ind_dim_size && "vectorized gather kernel index out of bounds"` failed.
/pytorch/aten/src/ATen/native/cuda/IndexKernelUtils.cu:16: vectorized_gather_kernel: block: [398,0,0], thread: [1,0,0] Assertion `ind >=0 && ind < ind_dim_size && "vectorized gather kernel index out of bounds"` failed.
/pytorch/aten/src/ATen/native/cuda/IndexKernelUtils.cu:16: vectorized_gather_kernel: block: [398,0,0], thread: [2,0,0] Assertion `ind >=0 && ind < ind_dim_size && "vectorized gather kernel index out of bounds"` failed.
/pytorch/aten/src/ATen/native/cuda/IndexKernelUtils.cu:16: vectorized_gather_kernel: block: [398,0,0], thread: [3,0,0] Assertion `ind >=0 && ind < ind_dim_size && "vectorized gather kernel index out of bounds"` failed.
/pytorch/aten/src/ATen/native/cuda/IndexKernelUtils.cu:16: vectorized_gather_kernel: block: [398,0,0], thread: [4,0,0] Assertion `ind >=0 && ind < ind_dim_size && "vectorized gather kernel index out of bounds"` failed.
/pytorch/aten/src/ATen/native/cuda/IndexKernelUtils.cu:16: vectorized_gather_kernel: block: [398,0,0], thread: [5,0,0] Assertion `ind >=0 && ind < ind_dim_size && "vectorized gather kernel index out of bounds"` failed.
/pytorch/aten/src/ATen/native/cuda/IndexKernelUtils.cu:16: vectorized_gather_kernel: block: [398,0,0], thread: [6,0,0] Assertion `ind >=0 && ind < ind_dim_size && "vectorized gather kernel index out of bounds"` failed.
/pytorch/aten/src/ATen/native/cuda/IndexKernelUtils.cu:16: vectorized_gather_kernel: block: [398,0,0], thread: [7,0,0] Assertion `ind >=0 && ind < ind_dim_size && "vectorized gather kernel index out of bounds"` failed.
/pytorch/aten/src/ATen/native/cuda/IndexKernelUtils.cu:16: vectorized_gather_kernel: block: [398,0,0], thread: [8,0,0] Assertion `ind >=0 && ind < ind_dim_size && "vectorized gather kernel index out of bounds"` failed.
/pytorch/aten/src/ATen/native/cuda/IndexKernelUtils.cu:16: vectorized_gather_kernel: block: [398,0,0], thread: [9,0,0] Assertion `ind >=0 && ind < ind_dim_size && "vectorized gather kernel index out of bounds"` failed.
/pytorch/aten/src/ATen/native/cuda/IndexKernelUtils.cu:16: vectorized_gather_kernel: block: [398,0,0], thread: [10,0,0] Assertion `ind >=0 && ind < ind_dim_size && "vectorized gather kernel index out of bounds"` failed.
/pytorch/aten/src/ATen/native/cuda/IndexKernelUtils.cu:16: vectorized_gather_kernel: block: [398,0,0], thread: [11,0,0] Assertion `ind >=0 && ind < ind_dim_size && "vectorized gather kernel index out of bounds"` failed.
/pytorch/aten/src/ATen/native/cuda/IndexKernelUtils.cu:16: vectorized_gather_kernel: block: [398,0,0], thread: [12,0,0] Assertion `ind >=0 && ind < ind_dim_size && "vectorized gather kernel index out of bounds"` failed.
/pytorch/aten/src/ATen/native/cuda/IndexKernelUtils.cu:16: vectorized_gather_kernel: block: [398,0,0], thread: [13,0,0] Assertion `ind >=0 && ind < ind_dim_size && "vectorized gather kernel index out of bounds"` failed.
/pytorch/aten/src/ATen/native/cuda/IndexKernelUtils.cu:16: vectorized_gather_kernel: block: [398,0,0], thread: [14,0,0] Assertion `ind >=0 && ind < ind_dim_size && "vectorized gather kernel index out of bounds"` failed.
/pytorch/aten/src/ATen/native/cuda/IndexKernelUtils.cu:16: vectorized_gather_kernel: block: [398,0,0], thread: [15,0,0] Assertion `ind >=0 && ind < ind_dim_size && "vectorized gather kernel index out of bounds"` failed.
/pytorch/aten/src/ATen/native/cuda/IndexKernelUtils.cu:16: vectorized_gather_kernel: block: [398,0,0], thread: [16,0,0] Assertion `ind >=0 && ind < ind_dim_size && "vectorized gather kernel index out of bounds"` failed.
/pytorch/aten/src/ATen/native/cuda/IndexKernelUtils.cu:16: vectorized_gather_kernel: block: [398,0,0], thread: [17,0,0] Assertion `ind >=0 && ind < ind_dim_size && "vectorized gather kernel index out of bounds"` failed.
/pytorch/aten/src/ATen/native/cuda/IndexKernelUtils.cu:16: vectorized_gather_kernel: block: [398,0,0], thread: [18,0,0] Assertion `ind >=0 && ind < ind_dim_size && "vectorized gather kernel index out of bounds"` failed.
/pytorch/aten/src/ATen/native/cuda/IndexKernelUtils.cu:16: vectorized_gather_kernel: block: [398,0,0], thread: [19,0,0] Assertion `ind >=0 && ind < ind_dim_size && "vectorized gather kernel index out of bounds"` failed.
/pytorch/aten/src/ATen/native/cuda/IndexKernelUtils.cu:16: vectorized_gather_kernel: block: [398,0,0], thread: [20,0,0] Assertion `ind >=0 && ind < ind_dim_size && "vectorized gather kernel index out of bounds"` failed.
/pytorch/aten/src/ATen/native/cuda/IndexKernelUtils.cu:16: vectorized_gather_kernel: block: [398,0,0], thread: [21,0,0] Assertion `ind >=0 && ind < ind_dim_size && "vectorized gather kernel index out of bounds"` failed.
/pytorch/aten/src/ATen/native/cuda/IndexKernelUtils.cu:16: vectorized_gather_kernel: block: [398,0,0], thread: [22,0,0] Assertion `ind >=0 && ind < ind_dim_size && "vectorized gather kernel index out of bounds"` failed.
/pytorch/aten/src/ATen/native/cuda/IndexKernelUtils.cu:16: vectorized_gather_kernel: block: [398,0,0], thread: [23,0,0] Assertion `ind >=0 && ind < ind_dim_size && "vectorized gather kernel index out of bounds"` failed.
/pytorch/aten/src/ATen/native/cuda/IndexKernelUtils.cu:16: vectorized_gather_kernel: block: [398,0,0], thread: [24,0,0] Assertion `ind >=0 && ind < ind_dim_size && "vectorized gather kernel index out of bounds"` failed.
/pytorch/aten/src/ATen/native/cuda/IndexKernelUtils.cu:16: vectorized_gather_kernel: block: [398,0,0], thread: [25,0,0] Assertion `ind >=0 && ind < ind_dim_size && "vectorized gather kernel index out of bounds"` failed.
/pytorch/aten/src/ATen/native/cuda/IndexKernelUtils.cu:16: vectorized_gather_kernel: block: [398,0,0], thread: [26,0,0] Assertion `ind >=0 && ind < ind_dim_size && "vectorized gather kernel index out of bounds"` failed.
/pytorch/aten/src/ATen/native/cuda/IndexKernelUtils.cu:16: vectorized_gather_kernel: block: [398,0,0], thread: [27,0,0] Assertion `ind >=0 && ind < ind_dim_size && "vectorized gather kernel index out of bounds"` failed.
/pytorch/aten/src/ATen/native/cuda/IndexKernelUtils.cu:16: vectorized_gather_kernel: block: [398,0,0], thread: [28,0,0] Assertion `ind >=0 && ind < ind_dim_size && "vectorized gather kernel index out of bounds"` failed.
/pytorch/aten/src/ATen/native/cuda/IndexKernelUtils.cu:16: vectorized_gather_kernel: block: [398,0,0], thread: [29,0,0] Assertion `ind >=0 && ind < ind_dim_size && "vectorized gather kernel index out of bounds"` failed.
/pytorch/aten/src/ATen/native/cuda/IndexKernelUtils.cu:16: vectorized_gather_kernel: block: [398,0,0], thread: [30,0,0] Assertion `ind >=0 && ind < ind_dim_size && "vectorized gather kernel index out of bounds"` failed.
/pytorch/aten/src/ATen/native/cuda/IndexKernelUtils.cu:16: vectorized_gather_kernel: block: [398,0,0], thread: [31,0,0] Assertion `ind >=0 && ind < ind_dim_size && "vectorized gather kernel index out of bounds"` failed.
Traceback (most recent call last):
  File "/root/pg/census_prefill_sync.py", line 318, in <module>
    {"census": census, "capture": capture, "replay": replay, "knob": knob}[MODE]()
  File "/root/pg/census_prefill_sync.py", line 300, in knob
    fg = [runner.run_prefill([(10 + i, s, min(512, n - s))]) for s in range(0, n, 512)][-1][10 + i]
         ^^^^^^^^^^^^^^^^^^^^^^^^^^^^^^^^^^^^^^^^^^^^^^^^^^^^^^^^^^^^^^^^^^^^^^^^^^^^^^
  File "/root/pg/census_prefill_sync.py", line 300, in <listcomp>
    fg = [runner.run_prefill([(10 + i, s, min(512, n - s))]) for s in range(0, n, 512)][-1][10 + i]
          ^^^^^^^^^^^^^^^^^^^^^^^^^^^^^^^^^^^^^^^^^^^^^^^^^^
  File "/opt/conda/lib/python3.11/site-packages/torch/utils/_contextlib.py", line 120, in decorate_context
    return func(*args, **kwargs)
           ^^^^^^^^^^^^^^^^^^^^^
  File "/root/e4b/experts4bit_qlora/engines/paged_runner.py", line 200, in run_prefill
    self.kv.append(layer, slot, k.contiguous(),
  File "/root/e4b/experts4bit_qlora/engines/fp8_paged_kv.py", line 452, in append
    vq = self._quant_bytes(v, 1)
         ^^^^^^^^^^^^^^^^^^^^^^^
  File "/root/e4b/experts4bit_qlora/engines/fp8_paged_kv.py", line 335, in _quant_bytes
    q, s = quantize_kv_fp8(x, group=None if groups == 1
           ^^^^^^^^^^^^^^^^^^^^^^^^^^^^^^^^^^^^^^^^^^^^
  File "/opt/conda/lib/python3.11/site-packages/fp8_kv.py", line 70, in quantize_kv_fp8
    y, scale = _quantize_kv_fp32(x, group)
               ^^^^^^^^^^^^^^^^^^^^^^^^^^^
  File "/opt/conda/lib/python3.11/site-packages/fp8_kv.py", line 83, in _quantize_kv_fp32
    amax = xg.abs().amax(dim=-1)
           ^^^^^^^^^^^^^^^^^^^^^
torch.AcceleratorError: CUDA error: device-side assert triggered
CUDA kernel errors might be asynchronously reported at some other API call, so the stacktrace below might be incorrect.
For debugging consider passing CUDA_LAUNCH_BLOCKING=1
Compile with `TORCH_USE_CUDA_DSA` to enable device-side assertions.

terminate called after throwing an instance of 'c10::AcceleratorError'
  what():  CUDA error: device-side assert triggered
CUDA kernel errors might be asynchronously reported at some other API call, so the stacktrace below might be incorrect.
For debugging consider passing CUDA_LAUNCH_BLOCKING=1
Compile with `TORCH_USE_CUDA_DSA` to enable device-side assertions.

Exception raised from c10_cuda_check_implementation at /pytorch/c10/cuda/CUDAException.cpp:42 (most recent call first):
frame #0: c10::Error::Error(c10::SourceLocation, std::__cxx11::basic_string<char, std::char_traits<char>, std::allocator<char> >) + 0x80 (0x7fba72dd1eb0 in /opt/conda/lib/python3.11/site-packages/torch/lib/libc10.so)
frame #1: <unknown function> + 0x111c7 (0x7fbad071f1c7 in /opt/conda/lib/python3.11/site-packages/torch/lib/libc10_cuda.so)
frame #2: <unknown function> + 0xc69459 (0x7fba73abc459 in /opt/conda/lib/python3.11/site-packages/torch/lib/libtorch_cuda.so)
frame #3: <unknown function> + 0xc643a3 (0x7fba73ab73a3 in /opt/conda/lib/python3.11/site-packages/torch/lib/libtorch_cuda.so)
frame #4: <unknown function> + 0xc6b2dc (0x7fba73abe2dc in /opt/conda/lib/python3.11/site-packages/torch/lib/libtorch_cuda.so)
frame #5: <unknown function> + 0x44166f (0x7fbac333e66f in /opt/conda/lib/python3.11/site-packages/torch/lib/libtorch_python.so)
frame #6: c10::TensorImpl::~TensorImpl() + 0x9 (0x7fba72daf179 in /opt/conda/lib/python3.11/site-packages/torch/lib/libc10.so)
frame #7: <unknown function> + 0x6e12e8 (0x7fbac35de2e8 in /opt/conda/lib/python3.11/site-packages/torch/lib/libtorch_python.so)
frame #8: <unknown function> + 0x6e1684 (0x7fbac35de684 in /opt/conda/lib/python3.11/site-packages/torch/lib/libtorch_python.so)
<omitting python frames>
frame #23: <unknown function> + 0x29d90 (0x7fbad13cbd90 in /lib/x86_64-linux-gnu/libc.so.6)
frame #24: __libc_start_main + 0x80 (0x7fbad13cbe40 in /lib/x86_64-linux-gnu/libc.so.6)

