/opt/conda/lib/python3.11/site-packages/torch/autograd/graph.py:829: UserWarning: Attempting to run cuBLAS, but there was no current CUDA context! Attempting to set the primary context... (Triggered internally at /pytorch/aten/src/ATen/cuda/CublasHandlePool.cpp:179.)
  return Variable._execution_engine.run_backward(  # Calls into the C++ engine to run the backward pass
/root/tc1/dq1_census.py:80: UserWarning: Converting a tensor with requires_grad=True to a scalar may lead to unexpected behavior.
Consider using tensor.detach() first. (Triggered internally at /pytorch/torch/csrc/autograd/generated/python_variable_methods.cpp:835.)
  return float((a.float() - ref).norm() / ref.norm())
cell q_proj M=512 9.4s
cell q_proj M=1024 7.1s
cell q_proj M=2048 7.4s
cell q_proj M=4096 8.0s
cell q_proj M=8192 8.4s
cell kv_proj M=512 5.8s
cell kv_proj M=1024 5.9s
cell kv_proj M=2048 6.1s
cell kv_proj M=4096 6.2s
cell kv_proj M=8192 7.0s
cell o_proj M=512 6.6s
cell o_proj M=1024 7.1s
cell o_proj M=2048 7.4s
cell o_proj M=4096 8.0s
cell o_proj M=8192 8.2s
cell gate_up_proj M=512 7.8s
cell gate_up_proj M=1024 8.1s
cell gate_up_proj M=2048 8.3s
cell gate_up_proj M=4096 8.5s
cell gate_up_proj M=8192 9.0s
cell down_proj M=512 7.8s
cell down_proj M=1024 8.0s
cell down_proj M=2048 8.3s
cell down_proj M=4096 8.8s
cell down_proj M=8192 9.1s
h2d M=1024 done
h2d M=2048 done
h2d M=4096 done
DQ1 census done receipts/dq1_census.json
